                            07/17/2024 at 16h09m22s                             


 ------------------------------------------------------------------------------
|   Another GFF Analysis Toolkit (AGAT) - Version: v1.4.0                      |
|   https://github.com/NBISweden/AGAT                                          |
|   National Bioinformatics Infrastructure Sweden (NBIS) - www.nbis.se         |
 ------------------------------------------------------------------------------
                                        
                                       
                          ------ Start parsing ------                           
-------------------------- parse options and metadata --------------------------
=> Accessing the feature_levels YAML file
Using standard /home/fadwa.el-khaddar/miniconda3/envs/ORFmine_env/lib/perl5/site_perl/auto/share/dist/AGAT/feature_levels.yaml file
=> Attribute used to group features when no Parent/ID relationship exists (i.e common tag):
	* locus_tag
	* gene_id
=> merge_loci option deactivated
=> Machine information:
	This script is being run by perl v5.32.1
	Bioperl location being used: /home/fadwa.el-khaddar/miniconda3/envs/ORFmine_env/lib/perl5/site_perl/Bio/
	Operating system being used: linux 
=> Accessing Ontology
	No ontology accessible from the gff file header!
	We use the SOFA ontology distributed with AGAT:
		/home/fadwa.el-khaddar/miniconda3/envs/ORFmine_env/lib/perl5/site_perl/auto/share/dist/AGAT/so.obo
	Read ontology /home/fadwa.el-khaddar/miniconda3/envs/ORFmine_env/lib/perl5/site_perl/auto/share/dist/AGAT/so.obo:
		4 root terms, and 2596 total terms, and 1516 leaf terms
	Filtering ontology:
The feature type (3rd column) is constrained to be either a term from the Sequence Ontology or an SO accession number. The latter alternative is distinguished using the syntax SO:000000. In either case, it must be sequence_feature (SO:0000110) or an is_a child of it.
We filter the ontology to apply this rule.		We found 1861 terms that are sequence_feature or is_a child of it.
--------------------------------- parsing file ---------------------------------
=> Number of line in file: 28718
=> Number of comment lines: 23
=> Fasta included: No
=> Number of features lines: 28695
=> Number of feature type (3rd column): 16
	* Level1: 6 => ncRNA_gene transposable_element pseudogene gene chromosome transposable_element_gene
	* level2: 7 => rRNA tRNA snRNA ncRNA pseudogenic_transcript snoRNA mRNA
	* level3: 3 => exon CDS five_prime_UTR
	* unknown: 0 => 
=> Version of the Bioperl GFF parser selected by AGAT: 3

                  ------ End parsing (done in 8 second) ------                  


                           ------ Start checks ------                           
---------------------------- Check1: feature types -----------------------------
----------------------------------- ontology -----------------------------------
All feature types in agreement with the Ontology.
------------------------------------- agat -------------------------------------
AGAT can deal with all the encountered feature types (3rd column)
------------------------------ done in 0 seconds -------------------------------

------------------------------ Check2: duplicates ------------------------------
None found
------------------------------ done in 0 seconds -------------------------------

-------------------------- Check3: sequential bucket ---------------------------
None found
------------------------------ done in 0 seconds -------------------------------

--------------------------- Check4: l2 linked to l3 ----------------------------
L3 had a L1 feature but no L2 feature. Corrected by creating the intermediate L2 feature:
I	AGAT	RNA	160597	164187	.	-	.	ID "transcript:YAR009C"  ; Name "YAR009C-E1"  ; Parent "agat-transposable_element-1"  ; constitutive 1 ; ensembl_end_phase "-1"  ; ensembl_phase "-1"  ; exon_id "YAR009C-E1"  ; rank 1
Using this feature template:
I	sgd	exon	160597	164187	.	-	.	ID "YAR009C-E1"  ; Name "YAR009C-E1"  ; Parent "transcript:YAR009C"  ; constitutive 1 ; ensembl_end_phase "-1"  ; ensembl_phase "-1"  ; exon_id "YAR009C-E1"  ; rank 1
L3 had a L1 feature but no L2 feature. Corrected by creating the intermediate L2 feature:
I	AGAT	RNA	164544	165866	.	-	.	ID "transcript:YAR010C"  ; Name "YAR010C-E1"  ; Parent "agat-transposable_element-2"  ; constitutive 1 ; ensembl_end_phase "-1"  ; ensembl_phase "-1"  ; exon_id "YAR010C-E1"  ; rank 1
Using this feature template:
I	sgd	exon	164544	165866	.	-	.	ID "YAR010C-E1"  ; Name "YAR010C-E1"  ; Parent "transcript:YAR010C"  ; constitutive 1 ; ensembl_end_phase "-1"  ; ensembl_phase "-1"  ; exon_id "YAR010C-E1"  ; rank 1
L3 had a L1 feature but no L2 feature. Corrected by creating the intermediate L2 feature:
II	AGAT	RNA	221330	222652	.	+	.	ID "transcript:YBL005W-A"  ; Name "YBL005W-A-E1"  ; Parent "agat-transposable_element-3"  ; constitutive 1 ; ensembl_end_phase "-1"  ; ensembl_phase "-1"  ; exon_id "YBL005W-A-E1"  ; rank 1
Using this feature template:
II	sgd	exon	221330	222652	.	+	.	ID "YBL005W-A-E1"  ; Name "YBL005W-A-E1"  ; Parent "transcript:YBL005W-A"  ; constitutive 1 ; ensembl_end_phase "-1"  ; ensembl_phase "-1"  ; exon_id "YBL005W-A-E1"  ; rank 1
L3 had a L1 feature but no L2 feature. Corrected by creating the intermediate L2 feature:
II	AGAT	RNA	221330	226598	.	+	.	ID "transcript:YBL005W-B"  ; Name "YBL005W-B-E1"  ; Parent "agat-transposable_element-4"  ; constitutive 1 ; ensembl_end_phase "-1"  ; ensembl_phase "-1"  ; exon_id "YBL005W-B-E1"  ; rank 1
Using this feature template:
II	sgd	exon	221330	226598	.	+	.	ID "YBL005W-B-E1"  ; Name "YBL005W-B-E1"  ; Parent "transcript:YBL005W-B"  ; constitutive 1 ; ensembl_end_phase "-1"  ; ensembl_phase "-1"  ; exon_id "YBL005W-B-E1"  ; rank 1
L3 had a L1 feature but no L2 feature. Corrected by creating the intermediate L2 feature:
II	AGAT	RNA	29935	31251	.	+	.	ID "transcript:YBL100W-A"  ; Name "YBL100W-A-E1"  ; Parent "agat-transposable_element-5"  ; constitutive 1 ; ensembl_end_phase "-1"  ; ensembl_phase "-1"  ; exon_id "YBL100W-A-E1"  ; rank 1
Using this feature template:
II	sgd	exon	29935	31251	.	+	.	ID "YBL100W-A-E1"  ; Name "YBL100W-A-E1"  ; Parent "transcript:YBL100W-A"  ; constitutive 1 ; ensembl_end_phase "-1"  ; ensembl_phase "-1"  ; exon_id "YBL100W-A-E1"  ; rank 1
L3 had a L1 feature but no L2 feature. Corrected by creating the intermediate L2 feature:
II	AGAT	RNA	29935	35248	.	+	.	ID "transcript:YBL100W-B"  ; Name "YBL100W-B-E1"  ; Parent "agat-transposable_element-6"  ; constitutive 1 ; ensembl_end_phase "-1"  ; ensembl_phase "-1"  ; exon_id "YBL100W-B-E1"  ; rank 1
Using this feature template:
II	sgd	exon	29935	35248	.	+	.	ID "YBL100W-B-E1"  ; Name "YBL100W-B-E1"  ; Parent "transcript:YBL100W-B"  ; constitutive 1 ; ensembl_end_phase "-1"  ; ensembl_phase "-1"  ; exon_id "YBL100W-B-E1"  ; rank 1
L3 had a L1 feature but no L2 feature. Corrected by creating the intermediate L2 feature:
II	AGAT	RNA	259869	261191	.	+	.	ID "transcript:YBR012W-A"  ; Name "YBR012W-A-E1"  ; Parent "agat-transposable_element-7"  ; constitutive 1 ; ensembl_end_phase "-1"  ; ensembl_phase "-1"  ; exon_id "YBR012W-A-E1"  ; rank 1
Using this feature template:
II	sgd	exon	259869	261191	.	+	.	ID "YBR012W-A-E1"  ; Name "YBR012W-A-E1"  ; Parent "transcript:YBR012W-A"  ; constitutive 1 ; ensembl_end_phase "-1"  ; ensembl_phase "-1"  ; exon_id "YBR012W-A-E1"  ; rank 1
L3 had a L1 feature but no L2 feature. Corrected by creating the intermediate L2 feature:
II	AGAT	RNA	259869	265140	.	+	.	ID "transcript:YBR012W-B"  ; Name "YBR012W-B-E1"  ; Parent "agat-transposable_element-8"  ; constitutive 1 ; ensembl_end_phase "-1"  ; ensembl_phase "-1"  ; exon_id "YBR012W-B-E1"  ; rank 1
Using this feature template:
II	sgd	exon	259869	265140	.	+	.	ID "YBR012W-B-E1"  ; Name "YBR012W-B-E1"  ; Parent "transcript:YBR012W-B"  ; constitutive 1 ; ensembl_end_phase "-1"  ; ensembl_phase "-1"  ; exon_id "YBR012W-B-E1"  ; rank 1
L3 had a L1 feature but no L2 feature. Corrected by creating the intermediate L2 feature:
III	AGAT	RNA	85102	90415	.	+	.	ID "transcript:YCL019W"  ; Name "YCL019W-E1"  ; Parent "agat-transposable_element-9"  ; constitutive 1 ; ensembl_end_phase "-1"  ; ensembl_phase "-1"  ; exon_id "YCL019W-E1"  ; rank 1
Using this feature template:
III	sgd	exon	85102	90415	.	+	.	ID "YCL019W-E1"  ; Name "YCL019W-E1"  ; Parent "transcript:YCL019W"  ; constitutive 1 ; ensembl_end_phase "-1"  ; ensembl_phase "-1"  ; exon_id "YCL019W-E1"  ; rank 1
L3 had a L1 feature but no L2 feature. Corrected by creating the intermediate L2 feature:
III	AGAT	RNA	85102	86418	.	+	.	ID "transcript:YCL020W"  ; Name "YCL020W-E1"  ; Parent "agat-transposable_element-10"  ; constitutive 1 ; ensembl_end_phase "-1"  ; ensembl_phase "-1"  ; exon_id "YCL020W-E1"  ; rank 1
Using this feature template:
III	sgd	exon	85102	86418	.	+	.	ID "YCL020W-E1"  ; Name "YCL020W-E1"  ; Parent "transcript:YCL020W"  ; constitutive 1 ; ensembl_end_phase "-1"  ; ensembl_phase "-1"  ; exon_id "YCL020W-E1"  ; rank 1
L3 had a L1 feature but no L2 feature. Corrected by creating the intermediate L2 feature:
IV	AGAT	RNA	518040	519356	.	-	.	ID "transcript:YDR034C-C"  ; Name "YDR034C-C-E1"  ; Parent "agat-transposable_element-11"  ; constitutive 1 ; ensembl_end_phase "-1"  ; ensembl_phase "-1"  ; exon_id "YDR034C-C-E1"  ; rank 1
Using this feature template:
IV	sgd	exon	518040	519356	.	-	.	ID "YDR034C-C-E1"  ; Name "YDR034C-C-E1"  ; Parent "transcript:YDR034C-C"  ; constitutive 1 ; ensembl_end_phase "-1"  ; ensembl_phase "-1"  ; exon_id "YDR034C-C-E1"  ; rank 1
L3 had a L1 feature but no L2 feature. Corrected by creating the intermediate L2 feature:
IV	AGAT	RNA	514043	519356	.	-	.	ID "transcript:YDR034C-D"  ; Name "YDR034C-D-E1"  ; Parent "agat-transposable_element-12"  ; constitutive 1 ; ensembl_end_phase "-1"  ; ensembl_phase "-1"  ; exon_id "YDR034C-D-E1"  ; rank 1
Using this feature template:
IV	sgd	exon	514043	519356	.	-	.	ID "YDR034C-D-E1"  ; Name "YDR034C-D-E1"  ; Parent "transcript:YDR034C-D"  ; constitutive 1 ; ensembl_end_phase "-1"  ; ensembl_phase "-1"  ; exon_id "YDR034C-D-E1"  ; rank 1
L3 had a L1 feature but no L2 feature. Corrected by creating the intermediate L2 feature:
IV	AGAT	RNA	649804	651126	.	-	.	ID "transcript:YDR098C-A"  ; Name "YDR098C-A-E1"  ; Parent "agat-transposable_element-13"  ; constitutive 1 ; ensembl_end_phase "-1"  ; ensembl_phase "-1"  ; exon_id "YDR098C-A-E1"  ; rank 1
Using this feature template:
IV	sgd	exon	649804	651126	.	-	.	ID "YDR098C-A-E1"  ; Name "YDR098C-A-E1"  ; Parent "transcript:YDR098C-A"  ; constitutive 1 ; ensembl_end_phase "-1"  ; ensembl_phase "-1"  ; exon_id "YDR098C-A-E1"  ; rank 1
L3 had a L1 feature but no L2 feature. Corrected by creating the intermediate L2 feature:
IV	AGAT	RNA	645858	651126	.	-	.	ID "transcript:YDR098C-B"  ; Name "YDR098C-B-E1"  ; Parent "agat-transposable_element-14"  ; constitutive 1 ; ensembl_end_phase "-1"  ; ensembl_phase "-1"  ; exon_id "YDR098C-B-E1"  ; rank 1
Using this feature template:
IV	sgd	exon	645858	651126	.	-	.	ID "YDR098C-B-E1"  ; Name "YDR098C-B-E1"  ; Parent "transcript:YDR098C-B"  ; constitutive 1 ; ensembl_end_phase "-1"  ; ensembl_phase "-1"  ; exon_id "YDR098C-B-E1"  ; rank 1
L3 had a L1 feature but no L2 feature. Corrected by creating the intermediate L2 feature:
IV	AGAT	RNA	803195	804517	.	+	.	ID "transcript:YDR170W-A"  ; Name "YDR170W-A-E1"  ; Parent "agat-transposable_element-15"  ; constitutive 1 ; ensembl_end_phase "-1"  ; ensembl_phase "-1"  ; exon_id "YDR170W-A-E1"  ; rank 1
Using this feature template:
IV	sgd	exon	803195	804517	.	+	.	ID "YDR170W-A-E1"  ; Name "YDR170W-A-E1"  ; Parent "transcript:YDR170W-A"  ; constitutive 1 ; ensembl_end_phase "-1"  ; ensembl_phase "-1"  ; exon_id "YDR170W-A-E1"  ; rank 1
L3 had a L1 feature but no L2 feature. Corrected by creating the intermediate L2 feature:
IV	AGAT	RNA	882605	883927	.	-	.	ID "transcript:YDR210C-C"  ; Name "YDR210C-C-E1"  ; Parent "agat-transposable_element-16"  ; constitutive 1 ; ensembl_end_phase "-1"  ; ensembl_phase "-1"  ; exon_id "YDR210C-C-E1"  ; rank 1
Using this feature template:
IV	sgd	exon	882605	883927	.	-	.	ID "YDR210C-C-E1"  ; Name "YDR210C-C-E1"  ; Parent "transcript:YDR210C-C"  ; constitutive 1 ; ensembl_end_phase "-1"  ; ensembl_phase "-1"  ; exon_id "YDR210C-C-E1"  ; rank 1
L3 had a L1 feature but no L2 feature. Corrected by creating the intermediate L2 feature:
IV	AGAT	RNA	878659	883927	.	-	.	ID "transcript:YDR210C-D"  ; Name "YDR210C-D-E1"  ; Parent "agat-transposable_element-17"  ; constitutive 1 ; ensembl_end_phase "-1"  ; ensembl_phase "-1"  ; exon_id "YDR210C-D-E1"  ; rank 1
Using this feature template:
IV	sgd	exon	878659	883927	.	-	.	ID "YDR210C-D-E1"  ; Name "YDR210C-D-E1"  ; Parent "transcript:YDR210C-D"  ; constitutive 1 ; ensembl_end_phase "-1"  ; ensembl_phase "-1"  ; exon_id "YDR210C-D-E1"  ; rank 1
L3 had a L1 feature but no L2 feature. Corrected by creating the intermediate L2 feature:
IV	AGAT	RNA	872112	873428	.	+	.	ID "transcript:YDR210W-A"  ; Name "YDR210W-A-E1"  ; Parent "agat-transposable_element-18"  ; constitutive 1 ; ensembl_end_phase "-1"  ; ensembl_phase "-1"  ; exon_id "YDR210W-A-E1"  ; rank 1
Using this feature template:
IV	sgd	exon	872112	873428	.	+	.	ID "YDR210W-A-E1"  ; Name "YDR210W-A-E1"  ; Parent "transcript:YDR210W-A"  ; constitutive 1 ; ensembl_end_phase "-1"  ; ensembl_phase "-1"  ; exon_id "YDR210W-A-E1"  ; rank 1
L3 had a L1 feature but no L2 feature. Corrected by creating the intermediate L2 feature:
IV	AGAT	RNA	872112	877425	.	+	.	ID "transcript:YDR210W-B"  ; Name "YDR210W-B-E1"  ; Parent "agat-transposable_element-19"  ; constitutive 1 ; ensembl_end_phase "-1"  ; ensembl_phase "-1"  ; exon_id "YDR210W-B-E1"  ; rank 1
Using this feature template:
IV	sgd	exon	872112	877425	.	+	.	ID "YDR210W-B-E1"  ; Name "YDR210W-B-E1"  ; Parent "transcript:YDR210W-B"  ; constitutive 1 ; ensembl_end_phase "-1"  ; ensembl_phase "-1"  ; exon_id "YDR210W-B-E1"  ; rank 1
L3 had a L1 feature but no L2 feature. Corrected by creating the intermediate L2 feature:
IV	AGAT	RNA	991027	992349	.	-	.	ID "transcript:YDR261C-C"  ; Name "YDR261C-C-E1"  ; Parent "agat-transposable_element-20"  ; constitutive 1 ; ensembl_end_phase "-1"  ; ensembl_phase "-1"  ; exon_id "YDR261C-C-E1"  ; rank 1
Using this feature template:
IV	sgd	exon	991027	992349	.	-	.	ID "YDR261C-C-E1"  ; Name "YDR261C-C-E1"  ; Parent "transcript:YDR261C-C"  ; constitutive 1 ; ensembl_end_phase "-1"  ; ensembl_phase "-1"  ; exon_id "YDR261C-C-E1"  ; rank 1
L3 had a L1 feature but no L2 feature. Corrected by creating the intermediate L2 feature:
IV	AGAT	RNA	987534	992349	.	-	.	ID "transcript:YDR261C-D"  ; Name "YDR261C-D-E1"  ; Parent "agat-transposable_element-21"  ; constitutive 1 ; ensembl_end_phase "-1"  ; ensembl_phase "-1"  ; exon_id "YDR261C-D-E1"  ; rank 1
Using this feature template:
IV	sgd	exon	987534	992349	.	-	.	ID "YDR261C-D-E1"  ; Name "YDR261C-D-E1"  ; Parent "transcript:YDR261C-D"  ; constitutive 1 ; ensembl_end_phase "-1"  ; ensembl_phase "-1"  ; exon_id "YDR261C-D-E1"  ; rank 1
L3 had a L1 feature but no L2 feature. Corrected by creating the intermediate L2 feature:
IV	AGAT	RNA	981462	982778	.	+	.	ID "transcript:YDR261W-A"  ; Name "YDR261W-A-E1"  ; Parent "agat-transposable_element-22"  ; constitutive 1 ; ensembl_end_phase "-1"  ; ensembl_phase "-1"  ; exon_id "YDR261W-A-E1"  ; rank 1
Using this feature template:
IV	sgd	exon	981462	982778	.	+	.	ID "YDR261W-A-E1"  ; Name "YDR261W-A-E1"  ; Parent "transcript:YDR261W-A"  ; constitutive 1 ; ensembl_end_phase "-1"  ; ensembl_phase "-1"  ; exon_id "YDR261W-A-E1"  ; rank 1
L3 had a L1 feature but no L2 feature. Corrected by creating the intermediate L2 feature:
IV	AGAT	RNA	981462	986775	.	+	.	ID "transcript:YDR261W-B"  ; Name "YDR261W-B-E1"  ; Parent "agat-transposable_element-23"  ; constitutive 1 ; ensembl_end_phase "-1"  ; ensembl_phase "-1"  ; exon_id "YDR261W-B-E1"  ; rank 1
Using this feature template:
IV	sgd	exon	981462	986775	.	+	.	ID "YDR261W-B-E1"  ; Name "YDR261W-B-E1"  ; Parent "transcript:YDR261W-B"  ; constitutive 1 ; ensembl_end_phase "-1"  ; ensembl_phase "-1"  ; exon_id "YDR261W-B-E1"  ; rank 1
L3 had a L1 feature but no L2 feature. Corrected by creating the intermediate L2 feature:
IV	AGAT	RNA	1096064	1097386	.	+	.	ID "transcript:YDR316W-A"  ; Name "YDR316W-A-E1"  ; Parent "agat-transposable_element-24"  ; constitutive 1 ; ensembl_end_phase "-1"  ; ensembl_phase "-1"  ; exon_id "YDR316W-A-E1"  ; rank 1
Using this feature template:
IV	sgd	exon	1096064	1097386	.	+	.	ID "YDR316W-A-E1"  ; Name "YDR316W-A-E1"  ; Parent "transcript:YDR316W-A"  ; constitutive 1 ; ensembl_end_phase "-1"  ; ensembl_phase "-1"  ; exon_id "YDR316W-A-E1"  ; rank 1
L3 had a L1 feature but no L2 feature. Corrected by creating the intermediate L2 feature:
IV	AGAT	RNA	1096064	1101332	.	+	.	ID "transcript:YDR316W-B"  ; Name "YDR316W-B-E1"  ; Parent "agat-transposable_element-25"  ; constitutive 1 ; ensembl_end_phase "-1"  ; ensembl_phase "-1"  ; exon_id "YDR316W-B-E1"  ; rank 1
Using this feature template:
IV	sgd	exon	1096064	1101332	.	+	.	ID "YDR316W-B-E1"  ; Name "YDR316W-B-E1"  ; Parent "transcript:YDR316W-B"  ; constitutive 1 ; ensembl_end_phase "-1"  ; ensembl_phase "-1"  ; exon_id "YDR316W-B-E1"  ; rank 1
L3 had a L1 feature but no L2 feature. Corrected by creating the intermediate L2 feature:
IV	AGAT	RNA	1206997	1208319	.	+	.	ID "transcript:YDR365W-A"  ; Name "YDR365W-A-E1"  ; Parent "agat-transposable_element-26"  ; constitutive 1 ; ensembl_end_phase "-1"  ; ensembl_phase "-1"  ; exon_id "YDR365W-A-E1"  ; rank 1
Using this feature template:
IV	sgd	exon	1206997	1208319	.	+	.	ID "YDR365W-A-E1"  ; Name "YDR365W-A-E1"  ; Parent "transcript:YDR365W-A"  ; constitutive 1 ; ensembl_end_phase "-1"  ; ensembl_phase "-1"  ; exon_id "YDR365W-A-E1"  ; rank 1
L3 had a L1 feature but no L2 feature. Corrected by creating the intermediate L2 feature:
IV	AGAT	RNA	1206997	1212265	.	+	.	ID "transcript:YDR365W-B"  ; Name "YDR365W-B-E1"  ; Parent "agat-transposable_element-27"  ; constitutive 1 ; ensembl_end_phase "-1"  ; ensembl_phase "-1"  ; exon_id "YDR365W-B-E1"  ; rank 1
Using this feature template:
IV	sgd	exon	1206997	1212265	.	+	.	ID "YDR365W-B-E1"  ; Name "YDR365W-B-E1"  ; Parent "transcript:YDR365W-B"  ; constitutive 1 ; ensembl_end_phase "-1"  ; ensembl_phase "-1"  ; exon_id "YDR365W-B-E1"  ; rank 1
L3 had a L1 feature but no L2 feature. Corrected by creating the intermediate L2 feature:
V	AGAT	RNA	447702	449024	.	-	.	ID "transcript:YER137C-A"  ; Name "YER137C-A-E1"  ; Parent "agat-transposable_element-28"  ; constitutive 1 ; ensembl_end_phase "-1"  ; ensembl_phase "-1"  ; exon_id "YER137C-A-E1"  ; rank 1
Using this feature template:
V	sgd	exon	447702	449024	.	-	.	ID "YER137C-A-E1"  ; Name "YER137C-A-E1"  ; Parent "transcript:YER137C-A"  ; constitutive 1 ; ensembl_end_phase "-1"  ; ensembl_phase "-1"  ; exon_id "YER137C-A-E1"  ; rank 1
L3 had a L1 feature but no L2 feature. Corrected by creating the intermediate L2 feature:
V	AGAT	RNA	443756	449024	.	-	.	ID "transcript:YER138C"  ; Name "YER138C-E1"  ; Parent "agat-transposable_element-29"  ; constitutive 1 ; ensembl_end_phase "-1"  ; ensembl_phase "-1"  ; exon_id "YER138C-E1"  ; rank 1
Using this feature template:
V	sgd	exon	443756	449024	.	-	.	ID "YER138C-E1"  ; Name "YER138C-E1"  ; Parent "transcript:YER138C"  ; constitutive 1 ; ensembl_end_phase "-1"  ; ensembl_phase "-1"  ; exon_id "YER138C-E1"  ; rank 1
L3 had a L1 feature but no L2 feature. Corrected by creating the intermediate L2 feature:
V	AGAT	RNA	496802	498124	.	-	.	ID "transcript:YER159C-A"  ; Name "YER159C-A-E1"  ; Parent "agat-transposable_element-30"  ; constitutive 1 ; ensembl_end_phase "-1"  ; ensembl_phase "-1"  ; exon_id "YER159C-A-E1"  ; rank 1
Using this feature template:
V	sgd	exon	496802	498124	.	-	.	ID "YER159C-A-E1"  ; Name "YER159C-A-E1"  ; Parent "transcript:YER159C-A"  ; constitutive 1 ; ensembl_end_phase "-1"  ; ensembl_phase "-1"  ; exon_id "YER159C-A-E1"  ; rank 1
L3 had a L1 feature but no L2 feature. Corrected by creating the intermediate L2 feature:
V	AGAT	RNA	492856	498124	.	-	.	ID "transcript:YER160C"  ; Name "YER160C-E1"  ; Parent "agat-transposable_element-31"  ; constitutive 1 ; ensembl_end_phase "-1"  ; ensembl_phase "-1"  ; exon_id "YER160C-E1"  ; rank 1
Using this feature template:
V	sgd	exon	492856	498124	.	-	.	ID "YER160C-E1"  ; Name "YER160C-E1"  ; Parent "transcript:YER160C"  ; constitutive 1 ; ensembl_end_phase "-1"  ; ensembl_phase "-1"  ; exon_id "YER160C-E1"  ; rank 1
L3 had a L1 feature but no L2 feature. Corrected by creating the intermediate L2 feature:
VI	AGAT	RNA	138204	143517	.	+	.	ID "transcript:YFL002W-A"  ; Name "YFL002W-A-E1"  ; Parent "agat-transposable_element-32"  ; constitutive 1 ; ensembl_end_phase "-1"  ; ensembl_phase "-1"  ; exon_id "YFL002W-A-E1"  ; rank 1
Using this feature template:
VI	sgd	exon	138204	143517	.	+	.	ID "YFL002W-A-E1"  ; Name "YFL002W-A-E1"  ; Parent "transcript:YFL002W-A"  ; constitutive 1 ; ensembl_end_phase "-1"  ; ensembl_phase "-1"  ; exon_id "YFL002W-A-E1"  ; rank 1
L3 had a L1 feature but no L2 feature. Corrected by creating the intermediate L2 feature:
VI	AGAT	RNA	138204	139520	.	+	.	ID "transcript:YFL002W-B"  ; Name "YFL002W-B-E1"  ; Parent "agat-transposable_element-33"  ; constitutive 1 ; ensembl_end_phase "-1"  ; ensembl_phase "-1"  ; exon_id "YFL002W-B-E1"  ; rank 1
Using this feature template:
VI	sgd	exon	138204	139520	.	+	.	ID "YFL002W-B-E1"  ; Name "YFL002W-B-E1"  ; Parent "transcript:YFL002W-B"  ; constitutive 1 ; ensembl_end_phase "-1"  ; ensembl_phase "-1"  ; exon_id "YFL002W-B-E1"  ; rank 1
L3 had a L1 feature but no L2 feature. Corrected by creating the intermediate L2 feature:
VII	AGAT	RNA	536057	537379	.	+	.	ID "transcript:YGR027W-A"  ; Name "YGR027W-A-E1"  ; Parent "agat-transposable_element-34"  ; constitutive 1 ; ensembl_end_phase "-1"  ; ensembl_phase "-1"  ; exon_id "YGR027W-A-E1"  ; rank 1
Using this feature template:
VII	sgd	exon	536057	537379	.	+	.	ID "YGR027W-A-E1"  ; Name "YGR027W-A-E1"  ; Parent "transcript:YGR027W-A"  ; constitutive 1 ; ensembl_end_phase "-1"  ; ensembl_phase "-1"  ; exon_id "YGR027W-A-E1"  ; rank 1
L3 had a L1 feature but no L2 feature. Corrected by creating the intermediate L2 feature:
VII	AGAT	RNA	536057	541325	.	+	.	ID "transcript:YGR027W-B"  ; Name "YGR027W-B-E1"  ; Parent "agat-transposable_element-35"  ; constitutive 1 ; ensembl_end_phase "-1"  ; ensembl_phase "-1"  ; exon_id "YGR027W-B-E1"  ; rank 1
Using this feature template:
VII	sgd	exon	536057	541325	.	+	.	ID "YGR027W-B-E1"  ; Name "YGR027W-B-E1"  ; Parent "transcript:YGR027W-B"  ; constitutive 1 ; ensembl_end_phase "-1"  ; ensembl_phase "-1"  ; exon_id "YGR027W-B-E1"  ; rank 1
L3 had a L1 feature but no L2 feature. Corrected by creating the intermediate L2 feature:
VII	AGAT	RNA	566145	567467	.	-	.	ID "transcript:YGR038C-A"  ; Name "YGR038C-A-E1"  ; Parent "agat-transposable_element-36"  ; constitutive 1 ; ensembl_end_phase "-1"  ; ensembl_phase "-1"  ; exon_id "YGR038C-A-E1"  ; rank 1
Using this feature template:
VII	sgd	exon	566145	567467	.	-	.	ID "YGR038C-A-E1"  ; Name "YGR038C-A-E1"  ; Parent "transcript:YGR038C-A"  ; constitutive 1 ; ensembl_end_phase "-1"  ; ensembl_phase "-1"  ; exon_id "YGR038C-A-E1"  ; rank 1
L3 had a L1 feature but no L2 feature. Corrected by creating the intermediate L2 feature:
VII	AGAT	RNA	562199	567467	.	-	.	ID "transcript:YGR038C-B"  ; Name "YGR038C-B-E1"  ; Parent "agat-transposable_element-37"  ; constitutive 1 ; ensembl_end_phase "-1"  ; ensembl_phase "-1"  ; exon_id "YGR038C-B-E1"  ; rank 1
Using this feature template:
VII	sgd	exon	562199	567467	.	-	.	ID "YGR038C-B-E1"  ; Name "YGR038C-B-E1"  ; Parent "transcript:YGR038C-B"  ; constitutive 1 ; ensembl_end_phase "-1"  ; ensembl_phase "-1"  ; exon_id "YGR038C-B-E1"  ; rank 1
L3 had a L1 feature but no L2 feature. Corrected by creating the intermediate L2 feature:
VII	AGAT	RNA	707610	708482	.	+	.	ID "transcript:YGR109W-A"  ; Name "YGR109W-A-E1"  ; Parent "agat-transposable_element-38"  ; constitutive 1 ; ensembl_end_phase "-1"  ; ensembl_phase "-1"  ; exon_id "YGR109W-A-E1"  ; rank 1
Using this feature template:
VII	sgd	exon	707610	708482	.	+	.	ID "YGR109W-A-E1"  ; Name "YGR109W-A-E1"  ; Parent "transcript:YGR109W-A"  ; constitutive 1 ; ensembl_end_phase "-1"  ; ensembl_phase "-1"  ; exon_id "YGR109W-A-E1"  ; rank 1
L3 had a L1 feature but no L2 feature. Corrected by creating the intermediate L2 feature:
VII	AGAT	RNA	707610	712254	.	+	.	ID "transcript:YGR109W-B"  ; Name "YGR109W-B-E1"  ; Parent "agat-transposable_element-39"  ; constitutive 1 ; ensembl_end_phase "-1"  ; ensembl_phase "-1"  ; exon_id "YGR109W-B-E1"  ; rank 1
Using this feature template:
VII	sgd	exon	707610	712254	.	+	.	ID "YGR109W-B-E1"  ; Name "YGR109W-B-E1"  ; Parent "transcript:YGR109W-B"  ; constitutive 1 ; ensembl_end_phase "-1"  ; ensembl_phase "-1"  ; exon_id "YGR109W-B-E1"  ; rank 1
L3 had a L1 feature but no L2 feature. Corrected by creating the intermediate L2 feature:
VII	AGAT	RNA	821693	823015	.	-	.	ID "transcript:YGR161C-C"  ; Name "YGR161C-C-E1"  ; Parent "agat-transposable_element-40"  ; constitutive 1 ; ensembl_end_phase "-1"  ; ensembl_phase "-1"  ; exon_id "YGR161C-C-E1"  ; rank 1
Using this feature template:
VII	sgd	exon	821693	823015	.	-	.	ID "YGR161C-C-E1"  ; Name "YGR161C-C-E1"  ; Parent "transcript:YGR161C-C"  ; constitutive 1 ; ensembl_end_phase "-1"  ; ensembl_phase "-1"  ; exon_id "YGR161C-C-E1"  ; rank 1
L3 had a L1 feature but no L2 feature. Corrected by creating the intermediate L2 feature:
VII	AGAT	RNA	817747	823015	.	-	.	ID "transcript:YGR161C-D"  ; Name "YGR161C-D-E1"  ; Parent "agat-transposable_element-41"  ; constitutive 1 ; ensembl_end_phase "-1"  ; ensembl_phase "-1"  ; exon_id "YGR161C-D-E1"  ; rank 1
Using this feature template:
VII	sgd	exon	817747	823015	.	-	.	ID "YGR161C-D-E1"  ; Name "YGR161C-D-E1"  ; Parent "transcript:YGR161C-D"  ; constitutive 1 ; ensembl_end_phase "-1"  ; ensembl_phase "-1"  ; exon_id "YGR161C-D-E1"  ; rank 1
L3 had a L1 feature but no L2 feature. Corrected by creating the intermediate L2 feature:
VII	AGAT	RNA	811738	813054	.	+	.	ID "transcript:YGR161W-A"  ; Name "YGR161W-A-E1"  ; Parent "agat-transposable_element-42"  ; constitutive 1 ; ensembl_end_phase "-1"  ; ensembl_phase "-1"  ; exon_id "YGR161W-A-E1"  ; rank 1
Using this feature template:
VII	sgd	exon	811738	813054	.	+	.	ID "YGR161W-A-E1"  ; Name "YGR161W-A-E1"  ; Parent "transcript:YGR161W-A"  ; constitutive 1 ; ensembl_end_phase "-1"  ; ensembl_phase "-1"  ; exon_id "YGR161W-A-E1"  ; rank 1
L3 had a L1 feature but no L2 feature. Corrected by creating the intermediate L2 feature:
VII	AGAT	RNA	811738	817051	.	+	.	ID "transcript:YGR161W-B"  ; Name "YGR161W-B-E1"  ; Parent "agat-transposable_element-43"  ; constitutive 1 ; ensembl_end_phase "-1"  ; ensembl_phase "-1"  ; exon_id "YGR161W-B-E1"  ; rank 1
Using this feature template:
VII	sgd	exon	811738	817051	.	+	.	ID "YGR161W-B-E1"  ; Name "YGR161W-B-E1"  ; Parent "transcript:YGR161W-B"  ; constitutive 1 ; ensembl_end_phase "-1"  ; ensembl_phase "-1"  ; exon_id "YGR161W-B-E1"  ; rank 1
L3 had a L1 feature but no L2 feature. Corrected by creating the intermediate L2 feature:
VIII	AGAT	RNA	85909	87150	.	+	.	ID "transcript:YHL009W-A"  ; Name "YHL009W-A-E1"  ; Parent "agat-transposable_element-44"  ; constitutive 1 ; ensembl_end_phase "-1"  ; ensembl_phase "-1"  ; exon_id "YHL009W-A-E1"  ; rank 1
Using this feature template:
VIII	sgd	exon	85909	87150	.	+	.	ID "YHL009W-A-E1"  ; Name "YHL009W-A-E1"  ; Parent "transcript:YHL009W-A"  ; constitutive 1 ; ensembl_end_phase "-1"  ; ensembl_phase "-1"  ; exon_id "YHL009W-A-E1"  ; rank 1
L3 had a L1 feature but no L2 feature. Corrected by creating the intermediate L2 feature:
VIII	AGAT	RNA	85909	91318	.	+	.	ID "transcript:YHL009W-B"  ; Name "YHL009W-B-E1"  ; Parent "agat-transposable_element-45"  ; constitutive 1 ; ensembl_end_phase "-1"  ; ensembl_phase "-1"  ; exon_id "YHL009W-B-E1"  ; rank 1
Using this feature template:
VIII	sgd	exon	85909	91318	.	+	.	ID "YHL009W-B-E1"  ; Name "YHL009W-B-E1"  ; Parent "transcript:YHL009W-B"  ; constitutive 1 ; ensembl_end_phase "-1"  ; ensembl_phase "-1"  ; exon_id "YHL009W-B-E1"  ; rank 1
L3 had a L1 feature but no L2 feature. Corrected by creating the intermediate L2 feature:
VIII	AGAT	RNA	543964	549346	.	-	.	ID "transcript:YHR214C-B"  ; Name "YHR214C-B-E1"  ; Parent "agat-transposable_element-46"  ; constitutive 1 ; ensembl_end_phase "-1"  ; ensembl_phase "-1"  ; exon_id "YHR214C-B-E1"  ; rank 1
Using this feature template:
VIII	sgd	exon	543964	549346	.	-	.	ID "YHR214C-B-E1"  ; Name "YHR214C-B-E1"  ; Parent "transcript:YHR214C-B"  ; constitutive 1 ; ensembl_end_phase "-1"  ; ensembl_phase "-1"  ; exon_id "YHR214C-B-E1"  ; rank 1
L3 had a L1 feature but no L2 feature. Corrected by creating the intermediate L2 feature:
VIII	AGAT	RNA	547910	549346	.	-	.	ID "transcript:YHR214C-C"  ; Name "YHR214C-C-E1"  ; Parent "agat-transposable_element-47"  ; constitutive 1 ; ensembl_end_phase "-1"  ; ensembl_phase "-1"  ; exon_id "YHR214C-C-E1"  ; rank 1
Using this feature template:
VIII	sgd	exon	547910	549346	.	-	.	ID "YHR214C-C-E1"  ; Name "YHR214C-C-E1"  ; Parent "transcript:YHR214C-C"  ; constitutive 1 ; ensembl_end_phase "-1"  ; ensembl_phase "-1"  ; exon_id "YHR214C-C-E1"  ; rank 1
L3 had a L1 feature but no L2 feature. Corrected by creating the intermediate L2 feature:
IX	AGAT	RNA	205635	210132	.	+	.	ID "transcript:YIL082W-A"  ; Name "YIL082W-A-E1"  ; Parent "agat-transposable_element-48"  ; constitutive 1 ; ensembl_end_phase "-1"  ; ensembl_phase "-1"  ; exon_id "YIL082W-A-E1"  ; rank 1
Using this feature template:
IX	sgd	exon	205635	210132	.	+	.	ID "YIL082W-A-E1"  ; Name "YIL082W-A-E1"  ; Parent "transcript:YIL082W-A"  ; constitutive 1 ; ensembl_end_phase "-1"  ; ensembl_phase "-1"  ; exon_id "YIL082W-A-E1"  ; rank 1
L3 had a L1 feature but no L2 feature. Corrected by creating the intermediate L2 feature:
X	AGAT	RNA	198678	203325	.	+	.	ID "transcript:YJL113W"  ; Name "YJL113W-E1"  ; Parent "agat-transposable_element-49"  ; constitutive 1 ; ensembl_end_phase "-1"  ; ensembl_phase "-1"  ; exon_id "YJL113W-E1"  ; rank 1
Using this feature template:
X	sgd	exon	198678	203325	.	+	.	ID "YJL113W-E1"  ; Name "YJL113W-E1"  ; Parent "transcript:YJL113W"  ; constitutive 1 ; ensembl_end_phase "-1"  ; ensembl_phase "-1"  ; exon_id "YJL113W-E1"  ; rank 1
L3 had a L1 feature but no L2 feature. Corrected by creating the intermediate L2 feature:
X	AGAT	RNA	197915	198595	.	+	.	ID "transcript:YJL114W"  ; Name "YJL114W-E1"  ; Parent "agat-transposable_element-50"  ; constitutive 1 ; ensembl_end_phase "-1"  ; ensembl_phase "-1"  ; exon_id "YJL114W-E1"  ; rank 1
Using this feature template:
X	sgd	exon	197915	198595	.	+	.	ID "YJL114W-E1"  ; Name "YJL114W-E1"  ; Parent "transcript:YJL114W"  ; constitutive 1 ; ensembl_end_phase "-1"  ; ensembl_phase "-1"  ; exon_id "YJL114W-E1"  ; rank 1
L3 had a L1 feature but no L2 feature. Corrected by creating the intermediate L2 feature:
X	AGAT	RNA	472760	474082	.	+	.	ID "transcript:YJR026W"  ; Name "YJR026W-E1"  ; Parent "agat-transposable_element-51"  ; constitutive 1 ; ensembl_end_phase "-1"  ; ensembl_phase "-1"  ; exon_id "YJR026W-E1"  ; rank 1
Using this feature template:
X	sgd	exon	472760	474082	.	+	.	ID "YJR026W-E1"  ; Name "YJR026W-E1"  ; Parent "transcript:YJR026W"  ; constitutive 1 ; ensembl_end_phase "-1"  ; ensembl_phase "-1"  ; exon_id "YJR026W-E1"  ; rank 1
L3 had a L1 feature but no L2 feature. Corrected by creating the intermediate L2 feature:
X	AGAT	RNA	472760	478028	.	+	.	ID "transcript:YJR027W"  ; Name "YJR027W-E1"  ; Parent "agat-transposable_element-52"  ; constitutive 1 ; ensembl_end_phase "-1"  ; ensembl_phase "-1"  ; exon_id "YJR027W-E1"  ; rank 1
Using this feature template:
X	sgd	exon	472760	478028	.	+	.	ID "YJR027W-E1"  ; Name "YJR027W-E1"  ; Parent "transcript:YJR027W"  ; constitutive 1 ; ensembl_end_phase "-1"  ; ensembl_phase "-1"  ; exon_id "YJR027W-E1"  ; rank 1
L3 had a L1 feature but no L2 feature. Corrected by creating the intermediate L2 feature:
X	AGAT	RNA	478344	479666	.	+	.	ID "transcript:YJR028W"  ; Name "YJR028W-E1"  ; Parent "agat-transposable_element-53"  ; constitutive 1 ; ensembl_end_phase "-1"  ; ensembl_phase "-1"  ; exon_id "YJR028W-E1"  ; rank 1
Using this feature template:
X	sgd	exon	478344	479666	.	+	.	ID "YJR028W-E1"  ; Name "YJR028W-E1"  ; Parent "transcript:YJR028W"  ; constitutive 1 ; ensembl_end_phase "-1"  ; ensembl_phase "-1"  ; exon_id "YJR028W-E1"  ; rank 1
L3 had a L1 feature but no L2 feature. Corrected by creating the intermediate L2 feature:
X	AGAT	RNA	478344	483612	.	+	.	ID "transcript:YJR029W"  ; Name "YJR029W-E1"  ; Parent "agat-transposable_element-54"  ; constitutive 1 ; ensembl_end_phase "-1"  ; ensembl_phase "-1"  ; exon_id "YJR029W-E1"  ; rank 1
Using this feature template:
X	sgd	exon	478344	483612	.	+	.	ID "YJR029W-E1"  ; Name "YJR029W-E1"  ; Parent "transcript:YJR029W"  ; constitutive 1 ; ensembl_end_phase "-1"  ; ensembl_phase "-1"  ; exon_id "YJR029W-E1"  ; rank 1
L3 had a L1 feature but no L2 feature. Corrected by creating the intermediate L2 feature:
XII	AGAT	RNA	215440	218907	.	-	.	ID "transcript:YLR035C-A"  ; Name "YLR035C-A-E1"  ; Parent "agat-transposable_element-55"  ; constitutive 1 ; ensembl_end_phase "-1"  ; ensembl_phase "-1"  ; exon_id "YLR035C-A-E1"  ; rank 1
Using this feature template:
XII	sgd	exon	215440	218907	.	-	.	ID "YLR035C-A-E1"  ; Name "YLR035C-A-E1"  ; Parent "transcript:YLR035C-A"  ; constitutive 1 ; ensembl_end_phase "-1"  ; ensembl_phase "-1"  ; exon_id "YLR035C-A-E1"  ; rank 1
L3 had a L1 feature but no L2 feature. Corrected by creating the intermediate L2 feature:
XII	AGAT	RNA	480279	481601	.	-	.	ID "transcript:YLR157C-A"  ; Name "YLR157C-A-E1"  ; Parent "agat-transposable_element-56"  ; constitutive 1 ; ensembl_end_phase "-1"  ; ensembl_phase "-1"  ; exon_id "YLR157C-A-E1"  ; rank 1
Using this feature template:
XII	sgd	exon	480279	481601	.	-	.	ID "YLR157C-A-E1"  ; Name "YLR157C-A-E1"  ; Parent "transcript:YLR157C-A"  ; constitutive 1 ; ensembl_end_phase "-1"  ; ensembl_phase "-1"  ; exon_id "YLR157C-A-E1"  ; rank 1
L3 had a L1 feature but no L2 feature. Corrected by creating the intermediate L2 feature:
XII	AGAT	RNA	476333	481601	.	-	.	ID "transcript:YLR157C-B"  ; Name "YLR157C-B-E1"  ; Parent "agat-transposable_element-57"  ; constitutive 1 ; ensembl_end_phase "-1"  ; ensembl_phase "-1"  ; exon_id "YLR157C-B-E1"  ; rank 1
Using this feature template:
XII	sgd	exon	476333	481601	.	-	.	ID "YLR157C-B-E1"  ; Name "YLR157C-B-E1"  ; Parent "transcript:YLR157C-B"  ; constitutive 1 ; ensembl_end_phase "-1"  ; ensembl_phase "-1"  ; exon_id "YLR157C-B-E1"  ; rank 1
L3 had a L1 feature but no L2 feature. Corrected by creating the intermediate L2 feature:
XII	AGAT	RNA	593438	594760	.	+	.	ID "transcript:YLR227W-A"  ; Name "YLR227W-A-E1"  ; Parent "agat-transposable_element-58"  ; constitutive 1 ; ensembl_end_phase "-1"  ; ensembl_phase "-1"  ; exon_id "YLR227W-A-E1"  ; rank 1
Using this feature template:
XII	sgd	exon	593438	594760	.	+	.	ID "YLR227W-A-E1"  ; Name "YLR227W-A-E1"  ; Parent "transcript:YLR227W-A"  ; constitutive 1 ; ensembl_end_phase "-1"  ; ensembl_phase "-1"  ; exon_id "YLR227W-A-E1"  ; rank 1
L3 had a L1 feature but no L2 feature. Corrected by creating the intermediate L2 feature:
XII	AGAT	RNA	593438	598706	.	+	.	ID "transcript:YLR227W-B"  ; Name "YLR227W-B-E1"  ; Parent "agat-transposable_element-59"  ; constitutive 1 ; ensembl_end_phase "-1"  ; ensembl_phase "-1"  ; exon_id "YLR227W-B-E1"  ; rank 1
Using this feature template:
XII	sgd	exon	593438	598706	.	+	.	ID "YLR227W-B-E1"  ; Name "YLR227W-B-E1"  ; Parent "transcript:YLR227W-B"  ; constitutive 1 ; ensembl_end_phase "-1"  ; ensembl_phase "-1"  ; exon_id "YLR227W-B-E1"  ; rank 1
L3 had a L1 feature but no L2 feature. Corrected by creating the intermediate L2 feature:
XII	AGAT	RNA	651117	652439	.	+	.	ID "transcript:YLR256W-A"  ; Name "YLR256W-A-E1"  ; Parent "agat-transposable_element-60"  ; constitutive 1 ; ensembl_end_phase "-1"  ; ensembl_phase "-1"  ; exon_id "YLR256W-A-E1"  ; rank 1
Using this feature template:
XII	sgd	exon	651117	652439	.	+	.	ID "YLR256W-A-E1"  ; Name "YLR256W-A-E1"  ; Parent "transcript:YLR256W-A"  ; constitutive 1 ; ensembl_end_phase "-1"  ; ensembl_phase "-1"  ; exon_id "YLR256W-A-E1"  ; rank 1
L3 had a L1 feature but no L2 feature. Corrected by creating the intermediate L2 feature:
XII	AGAT	RNA	941483	942799	.	+	.	ID "transcript:YLR410W-A"  ; Name "YLR410W-A-E1"  ; Parent "agat-transposable_element-61"  ; constitutive 1 ; ensembl_end_phase "-1"  ; ensembl_phase "-1"  ; exon_id "YLR410W-A-E1"  ; rank 1
Using this feature template:
XII	sgd	exon	941483	942799	.	+	.	ID "YLR410W-A-E1"  ; Name "YLR410W-A-E1"  ; Parent "transcript:YLR410W-A"  ; constitutive 1 ; ensembl_end_phase "-1"  ; ensembl_phase "-1"  ; exon_id "YLR410W-A-E1"  ; rank 1
L3 had a L1 feature but no L2 feature. Corrected by creating the intermediate L2 feature:
XII	AGAT	RNA	941483	946796	.	+	.	ID "transcript:YLR410W-B"  ; Name "YLR410W-B-E1"  ; Parent "agat-transposable_element-62"  ; constitutive 1 ; ensembl_end_phase "-1"  ; ensembl_phase "-1"  ; exon_id "YLR410W-B-E1"  ; rank 1
Using this feature template:
XII	sgd	exon	941483	946796	.	+	.	ID "YLR410W-B-E1"  ; Name "YLR410W-B-E1"  ; Parent "transcript:YLR410W-B"  ; constitutive 1 ; ensembl_end_phase "-1"  ; ensembl_phase "-1"  ; exon_id "YLR410W-B-E1"  ; rank 1
L3 had a L1 feature but no L2 feature. Corrected by creating the intermediate L2 feature:
XIII	AGAT	RNA	196628	201896	.	+	.	ID "transcript:YML039W"  ; Name "YML039W-E1"  ; Parent "agat-transposable_element-63"  ; constitutive 1 ; ensembl_end_phase "-1"  ; ensembl_phase "-1"  ; exon_id "YML039W-E1"  ; rank 1
Using this feature template:
XIII	sgd	exon	196628	201896	.	+	.	ID "YML039W-E1"  ; Name "YML039W-E1"  ; Parent "transcript:YML039W"  ; constitutive 1 ; ensembl_end_phase "-1"  ; ensembl_phase "-1"  ; exon_id "YML039W-E1"  ; rank 1
L3 had a L1 feature but no L2 feature. Corrected by creating the intermediate L2 feature:
XIII	AGAT	RNA	196628	197950	.	+	.	ID "transcript:YML040W"  ; Name "YML040W-E1"  ; Parent "agat-transposable_element-64"  ; constitutive 1 ; ensembl_end_phase "-1"  ; ensembl_phase "-1"  ; exon_id "YML040W-E1"  ; rank 1
Using this feature template:
XIII	sgd	exon	196628	197950	.	+	.	ID "YML040W-E1"  ; Name "YML040W-E1"  ; Parent "transcript:YML040W"  ; constitutive 1 ; ensembl_end_phase "-1"  ; ensembl_phase "-1"  ; exon_id "YML040W-E1"  ; rank 1
L3 had a L1 feature but no L2 feature. Corrected by creating the intermediate L2 feature:
XIII	AGAT	RNA	184461	189729	.	+	.	ID "transcript:YML045W"  ; Name "YML045W-E1"  ; Parent "agat-transposable_element-65"  ; constitutive 1 ; ensembl_end_phase "-1"  ; ensembl_phase "-1"  ; exon_id "YML045W-E1"  ; rank 1
Using this feature template:
XIII	sgd	exon	184461	189729	.	+	.	ID "YML045W-E1"  ; Name "YML045W-E1"  ; Parent "transcript:YML045W"  ; constitutive 1 ; ensembl_end_phase "-1"  ; ensembl_phase "-1"  ; exon_id "YML045W-E1"  ; rank 1
L3 had a L1 feature but no L2 feature. Corrected by creating the intermediate L2 feature:
XIII	AGAT	RNA	184461	185783	.	+	.	ID "transcript:YML045W-A"  ; Name "YML045W-A-E1"  ; Parent "agat-transposable_element-66"  ; constitutive 1 ; ensembl_end_phase "-1"  ; ensembl_phase "-1"  ; exon_id "YML045W-A-E1"  ; rank 1
Using this feature template:
XIII	sgd	exon	184461	185783	.	+	.	ID "YML045W-A-E1"  ; Name "YML045W-A-E1"  ; Parent "transcript:YML045W-A"  ; constitutive 1 ; ensembl_end_phase "-1"  ; ensembl_phase "-1"  ; exon_id "YML045W-A-E1"  ; rank 1
L3 had a L1 feature but no L2 feature. Corrected by creating the intermediate L2 feature:
XIII	AGAT	RNA	357359	362627	.	-	.	ID "transcript:YMR045C"  ; Name "YMR045C-E1"  ; Parent "agat-transposable_element-67"  ; constitutive 1 ; ensembl_end_phase "-1"  ; ensembl_phase "-1"  ; exon_id "YMR045C-E1"  ; rank 1
Using this feature template:
XIII	sgd	exon	357359	362627	.	-	.	ID "YMR045C-E1"  ; Name "YMR045C-E1"  ; Parent "transcript:YMR045C"  ; constitutive 1 ; ensembl_end_phase "-1"  ; ensembl_phase "-1"  ; exon_id "YMR045C-E1"  ; rank 1
L3 had a L1 feature but no L2 feature. Corrected by creating the intermediate L2 feature:
XIII	AGAT	RNA	361305	362627	.	-	.	ID "transcript:YMR046C"  ; Name "YMR046C-E1"  ; Parent "agat-transposable_element-68"  ; constitutive 1 ; ensembl_end_phase "-1"  ; ensembl_phase "-1"  ; exon_id "YMR046C-E1"  ; rank 1
Using this feature template:
XIII	sgd	exon	361305	362627	.	-	.	ID "YMR046C-E1"  ; Name "YMR046C-E1"  ; Parent "transcript:YMR046C"  ; constitutive 1 ; ensembl_end_phase "-1"  ; ensembl_phase "-1"  ; exon_id "YMR046C-E1"  ; rank 1
L3 had a L1 feature but no L2 feature. Corrected by creating the intermediate L2 feature:
XIII	AGAT	RNA	373057	378325	.	-	.	ID "transcript:YMR050C"  ; Name "YMR050C-E1"  ; Parent "agat-transposable_element-69"  ; constitutive 1 ; ensembl_end_phase "-1"  ; ensembl_phase "-1"  ; exon_id "YMR050C-E1"  ; rank 1
Using this feature template:
XIII	sgd	exon	373057	378325	.	-	.	ID "YMR050C-E1"  ; Name "YMR050C-E1"  ; Parent "transcript:YMR050C"  ; constitutive 1 ; ensembl_end_phase "-1"  ; ensembl_phase "-1"  ; exon_id "YMR050C-E1"  ; rank 1
L3 had a L1 feature but no L2 feature. Corrected by creating the intermediate L2 feature:
XIII	AGAT	RNA	377003	378325	.	-	.	ID "transcript:YMR051C"  ; Name "YMR051C-E1"  ; Parent "agat-transposable_element-70"  ; constitutive 1 ; ensembl_end_phase "-1"  ; ensembl_phase "-1"  ; exon_id "YMR051C-E1"  ; rank 1
Using this feature template:
XIII	sgd	exon	377003	378325	.	-	.	ID "YMR051C-E1"  ; Name "YMR051C-E1"  ; Parent "transcript:YMR051C"  ; constitutive 1 ; ensembl_end_phase "-1"  ; ensembl_phase "-1"  ; exon_id "YMR051C-E1"  ; rank 1
L3 had a L1 feature but no L2 feature. Corrected by creating the intermediate L2 feature:
XIV	AGAT	RNA	519456	520778	.	+	.	ID "transcript:YNL054W-A"  ; Name "YNL054W-A-E1"  ; Parent "agat-transposable_element-71"  ; constitutive 1 ; ensembl_end_phase "-1"  ; ensembl_phase "-1"  ; exon_id "YNL054W-A-E1"  ; rank 1
Using this feature template:
XIV	sgd	exon	519456	520778	.	+	.	ID "YNL054W-A-E1"  ; Name "YNL054W-A-E1"  ; Parent "transcript:YNL054W-A"  ; constitutive 1 ; ensembl_end_phase "-1"  ; ensembl_phase "-1"  ; exon_id "YNL054W-A-E1"  ; rank 1
L3 had a L1 feature but no L2 feature. Corrected by creating the intermediate L2 feature:
XIV	AGAT	RNA	519456	524706	.	+	.	ID "transcript:YNL054W-B"  ; Name "YNL054W-B-E1"  ; Parent "agat-transposable_element-72"  ; constitutive 1 ; ensembl_end_phase "-1"  ; ensembl_phase "-1"  ; exon_id "YNL054W-B-E1"  ; rank 1
Using this feature template:
XIV	sgd	exon	519456	524706	.	+	.	ID "YNL054W-B-E1"  ; Name "YNL054W-B-E1"  ; Parent "transcript:YNL054W-B"  ; constitutive 1 ; ensembl_end_phase "-1"  ; ensembl_phase "-1"  ; exon_id "YNL054W-B-E1"  ; rank 1
L3 had a L1 feature but no L2 feature. Corrected by creating the intermediate L2 feature:
XIV	AGAT	RNA	100910	102232	.	-	.	ID "transcript:YNL284C-A"  ; Name "YNL284C-A-E1"  ; Parent "agat-transposable_element-73"  ; constitutive 1 ; ensembl_end_phase "-1"  ; ensembl_phase "-1"  ; exon_id "YNL284C-A-E1"  ; rank 1
Using this feature template:
XIV	sgd	exon	100910	102232	.	-	.	ID "YNL284C-A-E1"  ; Name "YNL284C-A-E1"  ; Parent "transcript:YNL284C-A"  ; constitutive 1 ; ensembl_end_phase "-1"  ; ensembl_phase "-1"  ; exon_id "YNL284C-A-E1"  ; rank 1
L3 had a L1 feature but no L2 feature. Corrected by creating the intermediate L2 feature:
XIV	AGAT	RNA	96964	102232	.	-	.	ID "transcript:YNL284C-B"  ; Name "YNL284C-B-E1"  ; Parent "agat-transposable_element-74"  ; constitutive 1 ; ensembl_end_phase "-1"  ; ensembl_phase "-1"  ; exon_id "YNL284C-B-E1"  ; rank 1
Using this feature template:
XIV	sgd	exon	96964	102232	.	-	.	ID "YNL284C-B-E1"  ; Name "YNL284C-B-E1"  ; Parent "transcript:YNL284C-B"  ; constitutive 1 ; ensembl_end_phase "-1"  ; ensembl_phase "-1"  ; exon_id "YNL284C-B-E1"  ; rank 1
L3 had a L1 feature but no L2 feature. Corrected by creating the intermediate L2 feature:
XV	AGAT	RNA	118000	119322	.	+	.	ID "transcript:YOL103W-A"  ; Name "YOL103W-A-E1"  ; Parent "agat-transposable_element-75"  ; constitutive 1 ; ensembl_end_phase "-1"  ; ensembl_phase "-1"  ; exon_id "YOL103W-A-E1"  ; rank 1
Using this feature template:
XV	sgd	exon	118000	119322	.	+	.	ID "YOL103W-A-E1"  ; Name "YOL103W-A-E1"  ; Parent "transcript:YOL103W-A"  ; constitutive 1 ; ensembl_end_phase "-1"  ; ensembl_phase "-1"  ; exon_id "YOL103W-A-E1"  ; rank 1
L3 had a L1 feature but no L2 feature. Corrected by creating the intermediate L2 feature:
XV	AGAT	RNA	118000	123268	.	+	.	ID "transcript:YOL103W-B"  ; Name "YOL103W-B-E1"  ; Parent "agat-transposable_element-76"  ; constitutive 1 ; ensembl_end_phase "-1"  ; ensembl_phase "-1"  ; exon_id "YOL103W-B-E1"  ; rank 1
Using this feature template:
XV	sgd	exon	118000	123268	.	+	.	ID "YOL103W-B-E1"  ; Name "YOL103W-B-E1"  ; Parent "transcript:YOL103W-B"  ; constitutive 1 ; ensembl_end_phase "-1"  ; ensembl_phase "-1"  ; exon_id "YOL103W-B-E1"  ; rank 1
L3 had a L1 feature but no L2 feature. Corrected by creating the intermediate L2 feature:
XV	AGAT	RNA	595112	596434	.	+	.	ID "transcript:YOR142W-A"  ; Name "YOR142W-A-E1"  ; Parent "agat-transposable_element-77"  ; constitutive 1 ; ensembl_end_phase "-1"  ; ensembl_phase "-1"  ; exon_id "YOR142W-A-E1"  ; rank 1
Using this feature template:
XV	sgd	exon	595112	596434	.	+	.	ID "YOR142W-A-E1"  ; Name "YOR142W-A-E1"  ; Parent "transcript:YOR142W-A"  ; constitutive 1 ; ensembl_end_phase "-1"  ; ensembl_phase "-1"  ; exon_id "YOR142W-A-E1"  ; rank 1
L3 had a L1 feature but no L2 feature. Corrected by creating the intermediate L2 feature:
XV	AGAT	RNA	595112	600380	.	+	.	ID "transcript:YOR142W-B"  ; Name "YOR142W-B-E1"  ; Parent "agat-transposable_element-78"  ; constitutive 1 ; ensembl_end_phase "-1"  ; ensembl_phase "-1"  ; exon_id "YOR142W-B-E1"  ; rank 1
Using this feature template:
XV	sgd	exon	595112	600380	.	+	.	ID "YOR142W-B-E1"  ; Name "YOR142W-B-E1"  ; Parent "transcript:YOR142W-B"  ; constitutive 1 ; ensembl_end_phase "-1"  ; ensembl_phase "-1"  ; exon_id "YOR142W-B-E1"  ; rank 1
L3 had a L1 feature but no L2 feature. Corrected by creating the intermediate L2 feature:
XV	AGAT	RNA	708416	709732	.	-	.	ID "transcript:YOR192C-A"  ; Name "YOR192C-A-E1"  ; Parent "agat-transposable_element-79"  ; constitutive 1 ; ensembl_end_phase "-1"  ; ensembl_phase "-1"  ; exon_id "YOR192C-A-E1"  ; rank 1
Using this feature template:
XV	sgd	exon	708416	709732	.	-	.	ID "YOR192C-A-E1"  ; Name "YOR192C-A-E1"  ; Parent "transcript:YOR192C-A"  ; constitutive 1 ; ensembl_end_phase "-1"  ; ensembl_phase "-1"  ; exon_id "YOR192C-A-E1"  ; rank 1
L3 had a L1 feature but no L2 feature. Corrected by creating the intermediate L2 feature:
XV	AGAT	RNA	704419	709732	.	-	.	ID "transcript:YOR192C-B"  ; Name "YOR192C-B-E1"  ; Parent "agat-transposable_element-80"  ; constitutive 1 ; ensembl_end_phase "-1"  ; ensembl_phase "-1"  ; exon_id "YOR192C-B-E1"  ; rank 1
Using this feature template:
XV	sgd	exon	704419	709732	.	-	.	ID "YOR192C-B-E1"  ; Name "YOR192C-B-E1"  ; Parent "transcript:YOR192C-B"  ; constitutive 1 ; ensembl_end_phase "-1"  ; ensembl_phase "-1"  ; exon_id "YOR192C-B-E1"  ; rank 1
L3 had a L1 feature but no L2 feature. Corrected by creating the intermediate L2 feature:
XV	AGAT	RNA	970578	971894	.	+	.	ID "transcript:YOR343W-A"  ; Name "YOR343W-A-E1"  ; Parent "agat-transposable_element-81"  ; constitutive 1 ; ensembl_end_phase "-1"  ; ensembl_phase "-1"  ; exon_id "YOR343W-A-E1"  ; rank 1
Using this feature template:
XV	sgd	exon	970578	971894	.	+	.	ID "YOR343W-A-E1"  ; Name "YOR343W-A-E1"  ; Parent "transcript:YOR343W-A"  ; constitutive 1 ; ensembl_end_phase "-1"  ; ensembl_phase "-1"  ; exon_id "YOR343W-A-E1"  ; rank 1
L3 had a L1 feature but no L2 feature. Corrected by creating the intermediate L2 feature:
XV	AGAT	RNA	970578	975891	.	+	.	ID "transcript:YOR343W-B"  ; Name "YOR343W-B-E1"  ; Parent "agat-transposable_element-82"  ; constitutive 1 ; ensembl_end_phase "-1"  ; ensembl_phase "-1"  ; exon_id "YOR343W-B-E1"  ; rank 1
Using this feature template:
XV	sgd	exon	970578	975891	.	+	.	ID "YOR343W-B-E1"  ; Name "YOR343W-B-E1"  ; Parent "transcript:YOR343W-B"  ; constitutive 1 ; ensembl_end_phase "-1"  ; ensembl_phase "-1"  ; exon_id "YOR343W-B-E1"  ; rank 1
L3 had a L1 feature but no L2 feature. Corrected by creating the intermediate L2 feature:
XVI	AGAT	RNA	437333	442742	.	-	.	ID "transcript:YPL060C-A"  ; Name "YPL060C-A-E1"  ; Parent "agat-transposable_element-83"  ; constitutive 1 ; ensembl_end_phase "-1"  ; ensembl_phase "-1"  ; exon_id "YPL060C-A-E1"  ; rank 1
Using this feature template:
XVI	sgd	exon	437333	442742	.	-	.	ID "YPL060C-A-E1"  ; Name "YPL060C-A-E1"  ; Parent "transcript:YPL060C-A"  ; constitutive 1 ; ensembl_end_phase "-1"  ; ensembl_phase "-1"  ; exon_id "YPL060C-A-E1"  ; rank 1
L3 had a L1 feature but no L2 feature. Corrected by creating the intermediate L2 feature:
XVI	AGAT	RNA	56748	58070	.	+	.	ID "transcript:YPL257W-A"  ; Name "YPL257W-A-E1"  ; Parent "agat-transposable_element-84"  ; constitutive 1 ; ensembl_end_phase "-1"  ; ensembl_phase "-1"  ; exon_id "YPL257W-A-E1"  ; rank 1
Using this feature template:
XVI	sgd	exon	56748	58070	.	+	.	ID "YPL257W-A-E1"  ; Name "YPL257W-A-E1"  ; Parent "transcript:YPL257W-A"  ; constitutive 1 ; ensembl_end_phase "-1"  ; ensembl_phase "-1"  ; exon_id "YPL257W-A-E1"  ; rank 1
L3 had a L1 feature but no L2 feature. Corrected by creating the intermediate L2 feature:
XVI	AGAT	RNA	56748	62016	.	+	.	ID "transcript:YPL257W-B"  ; Name "YPL257W-B-E1"  ; Parent "agat-transposable_element-85"  ; constitutive 1 ; ensembl_end_phase "-1"  ; ensembl_phase "-1"  ; exon_id "YPL257W-B-E1"  ; rank 1
Using this feature template:
XVI	sgd	exon	56748	62016	.	+	.	ID "YPL257W-B-E1"  ; Name "YPL257W-B-E1"  ; Parent "transcript:YPL257W-B"  ; constitutive 1 ; ensembl_end_phase "-1"  ; ensembl_phase "-1"  ; exon_id "YPL257W-B-E1"  ; rank 1
L3 had a L1 feature but no L2 feature. Corrected by creating the intermediate L2 feature:
XVI	AGAT	RNA	808947	810269	.	-	.	ID "transcript:YPR137C-A"  ; Name "YPR137C-A-E1"  ; Parent "agat-transposable_element-86"  ; constitutive 1 ; ensembl_end_phase "-1"  ; ensembl_phase "-1"  ; exon_id "YPR137C-A-E1"  ; rank 1
Using this feature template:
XVI	sgd	exon	808947	810269	.	-	.	ID "YPR137C-A-E1"  ; Name "YPR137C-A-E1"  ; Parent "transcript:YPR137C-A"  ; constitutive 1 ; ensembl_end_phase "-1"  ; ensembl_phase "-1"  ; exon_id "YPR137C-A-E1"  ; rank 1
L3 had a L1 feature but no L2 feature. Corrected by creating the intermediate L2 feature:
XVI	AGAT	RNA	805001	810269	.	-	.	ID "transcript:YPR137C-B"  ; Name "YPR137C-B-E1"  ; Parent "agat-transposable_element-87"  ; constitutive 1 ; ensembl_end_phase "-1"  ; ensembl_phase "-1"  ; exon_id "YPR137C-B-E1"  ; rank 1
Using this feature template:
XVI	sgd	exon	805001	810269	.	-	.	ID "YPR137C-B-E1"  ; Name "YPR137C-B-E1"  ; Parent "transcript:YPR137C-B"  ; constitutive 1 ; ensembl_end_phase "-1"  ; ensembl_phase "-1"  ; exon_id "YPR137C-B-E1"  ; rank 1
L3 had a L1 feature but no L2 feature. Corrected by creating the intermediate L2 feature:
XVI	AGAT	RNA	854935	856257	.	-	.	ID "transcript:YPR158C-C"  ; Name "YPR158C-C-E1"  ; Parent "agat-transposable_element-88"  ; constitutive 1 ; ensembl_end_phase "-1"  ; ensembl_phase "-1"  ; exon_id "YPR158C-C-E1"  ; rank 1
Using this feature template:
XVI	sgd	exon	854935	856257	.	-	.	ID "YPR158C-C-E1"  ; Name "YPR158C-C-E1"  ; Parent "transcript:YPR158C-C"  ; constitutive 1 ; ensembl_end_phase "-1"  ; ensembl_phase "-1"  ; exon_id "YPR158C-C-E1"  ; rank 1
L3 had a L1 feature but no L2 feature. Corrected by creating the intermediate L2 feature:
XVI	AGAT	RNA	850989	856257	.	-	.	ID "transcript:YPR158C-D"  ; Name "YPR158C-D-E1"  ; Parent "agat-transposable_element-89"  ; constitutive 1 ; ensembl_end_phase "-1"  ; ensembl_phase "-1"  ; exon_id "YPR158C-D-E1"  ; rank 1
Using this feature template:
XVI	sgd	exon	850989	856257	.	-	.	ID "YPR158C-D-E1"  ; Name "YPR158C-D-E1"  ; Parent "transcript:YPR158C-D"  ; constitutive 1 ; ensembl_end_phase "-1"  ; ensembl_phase "-1"  ; exon_id "YPR158C-D-E1"  ; rank 1
L3 had a L1 feature but no L2 feature. Corrected by creating the intermediate L2 feature:
XVI	AGAT	RNA	844709	846031	.	+	.	ID "transcript:YPR158W-A"  ; Name "YPR158W-A-E1"  ; Parent "agat-transposable_element-90"  ; constitutive 1 ; ensembl_end_phase "-1"  ; ensembl_phase "-1"  ; exon_id "YPR158W-A-E1"  ; rank 1
Using this feature template:
XVI	sgd	exon	844709	846031	.	+	.	ID "YPR158W-A-E1"  ; Name "YPR158W-A-E1"  ; Parent "transcript:YPR158W-A"  ; constitutive 1 ; ensembl_end_phase "-1"  ; ensembl_phase "-1"  ; exon_id "YPR158W-A-E1"  ; rank 1
L3 had a L1 feature but no L2 feature. Corrected by creating the intermediate L2 feature:
XVI	AGAT	RNA	844709	849980	.	+	.	ID "transcript:YPR158W-B"  ; Name "YPR158W-B-E1"  ; Parent "agat-transposable_element-91"  ; constitutive 1 ; ensembl_end_phase "-1"  ; ensembl_phase "-1"  ; exon_id "YPR158W-B-E1"  ; rank 1
Using this feature template:
XVI	sgd	exon	844709	849980	.	+	.	ID "YPR158W-B-E1"  ; Name "YPR158W-B-E1"  ; Parent "transcript:YPR158W-B"  ; constitutive 1 ; ensembl_end_phase "-1"  ; ensembl_phase "-1"  ; exon_id "YPR158W-B-E1"  ; rank 1
91 cases fixed where L3 features have parent feature(s) missing
------------------------------ done in 0 seconds -------------------------------

--------------------------- Check5: l1 linked to l2 ----------------------------
No problem found
------------------------------ done in 0 seconds -------------------------------

--------------------------- Check6: remove orphan l1 ---------------------------
We remove only those not supposed to be orphan
removing II	sgd	transposable_element_gene	29935	31251	.	+	.	ID "gene:YBL100W-A"  ; biotype transposable_element ; description "Retrotransposon TYA Gag gene co-transcribed with TYB Pol; translated as TYA or TYA-TYB polyprotein; Gag is a nucleocapsid protein that is the structural constituent of virus-like particles (VLPs); similar to retroviral Gag [Source:SGD;Acc:S000002148]"  ; gene_id "YBL100W-A"  ; logic_name sgd
removing XIII	sgd	transposable_element_gene	377003	378325	.	-	.	ID "gene:YMR051C"  ; biotype transposable_element ; description "Retrotransposon TYA Gag gene co-transcribed with TYB Pol; translated as TYA or TYA-TYB polyprotein; Gag is a nucleocapsid protein that is the structural constituent of virus-like particles (VLPs); similar to retroviral Gag [Source:SGD;Acc:S000004654]"  ; gene_id YMR051C ; logic_name sgd
removing III	sgd	transposable_element_gene	85102	86418	.	+	.	ID "gene:YCL020W"  ; biotype transposable_element ; description "Retrotransposon TYA Gag gene co-transcribed with TYB Pol; translated as TYA or TYA-TYB polyprotein; Gag is a nucleocapsid protein that is the structural constituent of virus-like particles (VLPs); similar to retroviral Gag [Source:SGD;Acc:S000000525]"  ; gene_id YCL020W ; logic_name sgd
removing XVI	sgd	transposable_element_gene	437333	442742	.	-	.	ID "gene:YPL060C-A"  ; biotype transposable_element ; description "TyA Gag protein; the main structural constituent of virus-like particles (VLPs); Gag processing produces capsid proteins [Source:SGD;Acc:S000007388]"  ; gene_id "YPL060C-A"  ; logic_name sgd
removing II	sgd	transposable_element_gene	221330	222652	.	+	.	ID "gene:YBL005W-A"  ; biotype transposable_element ; description "Retrotransposon TYA Gag gene co-transcribed with TYB Pol; translated as TYA or TYA-TYB polyprotein; Gag is a nucleocapsid protein that is the structural constituent of virus-like particles (VLPs); similar to retroviral Gag [Source:SGD;Acc:S000002146]"  ; gene_id "YBL005W-A"  ; logic_name sgd
removing XII	sgd	transposable_element_gene	215440	218907	.	-	.	ID "gene:YLR035C-A"  ; biotype transposable_element ; description "Retrotransposon TYA Gag and TYB Pol genes; polyprotein is processed to make a nucleocapsid-like protein (Gag), reverse transcriptase (RT), protease (PR), and integrase (IN); YLR035C-A is part of a mutant retrotransposon [Source:SGD;Acc:S000007225]"  ; gene_id "YLR035C-A"  ; logic_name sgd
removing XV	sgd	transposable_element_gene	595112	600380	.	+	.	ID "gene:YOR142W-B"  ; biotype transposable_element ; description "Retrotransposon TYA Gag and TYB Pol genes; transcribed/translated as one unit; polyprotein is processed to make a nucleocapsid-like protein (Gag), reverse transcriptase (RT), protease (PR), and integrase (IN); similar to retroviral genes [Source:SGD;Acc:S000007352]"  ; gene_id "YOR142W-B"  ; logic_name sgd
removing IV	sgd	transposable_element_gene	649804	651126	.	-	.	ID "gene:YDR098C-A"  ; biotype transposable_element ; description "Retrotransposon TYA Gag gene co-transcribed with TYB Pol; translated as TYA or TYA-TYB polyprotein; Gag is a nucleocapsid protein that is the structural constituent of virus-like particles (VLPs); similar to retroviral Gag [Source:SGD;Acc:S000007390]"  ; gene_id "YDR098C-A"  ; logic_name sgd
removing IV	sgd	transposable_element_gene	878659	883927	.	-	.	ID "gene:YDR210C-D"  ; biotype transposable_element ; description "Retrotransposon TYA Gag and TYB Pol genes; transcribed/translated as one unit; polyprotein is processed to make a nucleocapsid-like protein (Gag), reverse transcriptase (RT), protease (PR), and integrase (IN); similar to retroviral genes [Source:SGD;Acc:S000007410]"  ; gene_id "YDR210C-D"  ; logic_name sgd
removing II	sgd	transposable_element_gene	259869	265140	.	+	.	ID "gene:YBR012W-B"  ; biotype transposable_element ; description "Retrotransposon TYA Gag and TYB Pol genes; transcribed/translated as one unit; polyprotein is processed to make a nucleocapsid-like protein (Gag), reverse transcriptase (RT), protease (PR), and integrase (IN); similar to retroviral genes [Source:SGD;Acc:S000002155]"  ; gene_id "YBR012W-B"  ; logic_name sgd
removing VI	sgd	transposable_element_gene	138204	139520	.	+	.	ID "gene:YFL002W-B"  ; biotype transposable_element ; description "Retrotransposon TYA Gag gene co-transcribed with TYB Pol; translated as TYA or TYA-TYB polyprotein; Gag is a nucleocapsid protein that is the structural constituent of virus-like particles (VLPs); similar to retroviral Gag [Source:SGD;Acc:S000007404]"  ; gene_id "YFL002W-B"  ; logic_name sgd
removing IV	sgd	transposable_element_gene	872112	873428	.	+	.	ID "gene:YDR210W-A"  ; biotype transposable_element ; description "Retrotransposon TYA Gag gene co-transcribed with TYB Pol; translated as TYA or TYA-TYB polyprotein; Gag is a nucleocapsid protein that is the structural constituent of virus-like particles (VLPs); similar to retroviral Gag [Source:SGD;Acc:S000007392]"  ; gene_id "YDR210W-A"  ; logic_name sgd
removing XII	sgd	transposable_element_gene	941483	942799	.	+	.	ID "gene:YLR410W-A"  ; biotype transposable_element ; description "Retrotransposon TYA Gag gene co-transcribed with TYB Pol; translated as TYA or TYA-TYB polyprotein; Gag is a nucleocapsid protein that is the structural constituent of virus-like particles (VLPs); similar to retroviral Gag [Source:SGD;Acc:S000007379]"  ; gene_id "YLR410W-A"  ; logic_name sgd
removing V	sgd	transposable_element_gene	443756	449024	.	-	.	ID "gene:YER138C"  ; biotype transposable_element ; description "Retrotransposon TYA Gag and TYB Pol genes; transcribed/translated as one unit; polyprotein is processed to make a nucleocapsid-like protein (Gag), reverse transcriptase (RT), protease (PR), and integrase (IN); similar to retroviral genes [Source:SGD;Acc:S000000940]"  ; gene_id YER138C ; logic_name sgd
removing V	sgd	transposable_element_gene	496802	498124	.	-	.	ID "gene:YER159C-A"  ; biotype transposable_element ; description "Retrotransposon TYA Gag gene co-transcribed with TYB Pol; translated as TYA or TYA-TYB polyprotein; Gag is a nucleocapsid protein that is the structural constituent of virus-like particles (VLPs); similar to retroviral Gag [Source:SGD;Acc:S000007403]"  ; gene_id "YER159C-A"  ; logic_name sgd
removing IV	sgd	transposable_element_gene	1096064	1101332	.	+	.	ID "gene:YDR316W-B"  ; biotype transposable_element ; description "Retrotransposon TYA Gag and TYB Pol genes; transcribed/translated as one unit; polyprotein is processed to make a nucleocapsid-like protein (Gag), reverse transcriptase (RT), protease (PR), and integrase (IN); similar to retroviral genes [Source:SGD;Acc:S000007399]"  ; gene_id "YDR316W-B"  ; logic_name sgd
removing IV	sgd	transposable_element_gene	882605	883927	.	-	.	ID "gene:YDR210C-C"  ; biotype transposable_element ; description "Retrotransposon TYA Gag gene co-transcribed with TYB Pol; translated as TYA or TYA-TYB polyprotein; Gag is a nucleocapsid protein that is the structural constituent of virus-like particles (VLPs); similar to retroviral Gag [Source:SGD;Acc:S000007409]"  ; gene_id "YDR210C-C"  ; logic_name sgd
removing XIV	sgd	transposable_element_gene	519456	520778	.	+	.	ID "gene:YNL054W-A"  ; biotype transposable_element ; description "Retrotransposon TYA Gag gene co-transcribed with TYB Pol; translated as TYA or TYA-TYB polyprotein; Gag is a nucleocapsid protein that is the structural constituent of virus-like particles (VLPs); similar to retroviral Gag [Source:SGD;Acc:S000007384]"  ; gene_id "YNL054W-A"  ; logic_name sgd
removing XIII	sgd	transposable_element_gene	361305	362627	.	-	.	ID "gene:YMR046C"  ; biotype transposable_element ; description "Retrotransposon TYA Gag gene co-transcribed with TYB Pol; translated as TYA or TYA-TYB polyprotein; Gag is a nucleocapsid protein that is the structural constituent of virus-like particles (VLPs); similar to retroviral Gag [Source:SGD;Acc:S000004649]"  ; gene_id YMR046C ; logic_name sgd
removing I	sgd	transposable_element_gene	164544	165866	.	-	.	ID "gene:YAR010C"  ; biotype transposable_element ; description "Retrotransposon TYA Gag gene co-transcribed with TYB Pol; Gag processing produces capsid proteins; in YARCTy1-1 TYB is mutant and probably non-functional [Source:SGD;Acc:S000000068]"  ; gene_id YAR010C ; logic_name sgd
removing XVI	sgd	transposable_element_gene	56748	62016	.	+	.	ID "gene:YPL257W-B"  ; biotype transposable_element ; description "Retrotransposon TYA Gag and TYB Pol genes; transcribed/translated as one unit; polyprotein is processed to make a nucleocapsid-like protein (Gag), reverse transcriptase (RT), protease (PR), and integrase (IN); similar to retroviral genes [Source:SGD;Acc:S000007358]"  ; gene_id "YPL257W-B"  ; logic_name sgd
removing XII	sgd	transposable_element_gene	593438	594760	.	+	.	ID "gene:YLR227W-A"  ; biotype transposable_element ; description "Retrotransposon TYA Gag gene co-transcribed with TYB Pol; translated as TYA or TYA-TYB polyprotein; Gag is a nucleocapsid protein that is the structural constituent of virus-like particles (VLPs); similar to retroviral Gag [Source:SGD;Acc:S000007375]"  ; gene_id "YLR227W-A"  ; logic_name sgd
removing IV	sgd	transposable_element_gene	518040	519356	.	-	.	ID "gene:YDR034C-C"  ; biotype transposable_element ; description "Retrotransposon TYA Gag gene co-transcribed with TYB Pol; translated as TYA or TYA-TYB polyprotein; Gag is a nucleocapsid protein that is the structural constituent of virus-like particles (VLPs); similar to retroviral Gag [Source:SGD;Acc:S000007344]"  ; gene_id "YDR034C-C"  ; logic_name sgd
removing XVI	sgd	transposable_element_gene	854935	856257	.	-	.	ID "gene:YPR158C-C"  ; biotype transposable_element ; description "Retrotransposon TYA Gag gene co-transcribed with TYB Pol; translated as TYA or TYA-TYB polyprotein; Gag is a nucleocapsid protein that is the structural constituent of virus-like particles (VLPs); similar to retroviral Gag [Source:SGD;Acc:S000007361]"  ; gene_id "YPR158C-C"  ; logic_name sgd
removing IV	sgd	transposable_element_gene	514043	519356	.	-	.	ID "gene:YDR034C-D"  ; biotype transposable_element ; description "Retrotransposon TYA Gag and TYB Pol genes; transcribed/translated as one unit; polyprotein is processed to make a nucleocapsid-like protein (Gag), reverse transcriptase (RT), protease (PR), and integrase (IN); similar to retroviral genes [Source:SGD;Acc:S000007345]"  ; gene_id "YDR034C-D"  ; logic_name sgd
removing X	sgd	transposable_element_gene	472760	478028	.	+	.	ID "gene:YJR027W"  ; biotype transposable_element ; description "Retrotransposon TYA Gag and TYB Pol genes; transcribed/translated as one unit; polyprotein is processed to make a nucleocapsid-like protein (Gag), reverse transcriptase (RT), protease (PR), and integrase (IN); similar to retroviral genes [Source:SGD;Acc:S000003788]"  ; gene_id YJR027W ; logic_name sgd
removing VIII	sgd	transposable_element_gene	547910	549346	.	-	.	ID "gene:YHR214C-C"  ; biotype transposable_element ; description "Retrotransposon TYA Gag gene co-transcribed with TYB Pol; translated as TYA or TYA-TYB polyprotein; Gag is a nucleocapsid protein that is the structural constituent of virus-like particles (VLPs); similar to retroviral Gag [Source:SGD;Acc:S000007421]"  ; gene_id "YHR214C-C"  ; logic_name sgd
removing XVI	sgd	transposable_element_gene	850989	856257	.	-	.	ID "gene:YPR158C-D"  ; biotype transposable_element ; description "Retrotransposon TYA Gag and TYB Pol genes; transcribed/translated as one unit; polyprotein is processed to make a nucleocapsid-like protein (Gag), reverse transcriptase (RT), protease (PR), and integrase (IN); similar to retroviral genes [Source:SGD;Acc:S000007362]"  ; gene_id "YPR158C-D"  ; logic_name sgd
removing XVI	sgd	transposable_element_gene	844709	846031	.	+	.	ID "gene:YPR158W-A"  ; biotype transposable_element ; description "Retrotransposon TYA Gag gene co-transcribed with TYB Pol; translated as TYA or TYA-TYB polyprotein; Gag is a nucleocapsid protein that is the structural constituent of virus-like particles (VLPs); similar to retroviral Gag [Source:SGD;Acc:S000007363]"  ; gene_id "YPR158W-A"  ; logic_name sgd
removing IV	sgd	transposable_element_gene	991027	992349	.	-	.	ID "gene:YDR261C-C"  ; biotype transposable_element ; description "Retrotransposon TYA Gag gene co-transcribed with TYB Pol; Gag processing produces capsid proteins; in YDRCTy1-3 TYB is mutant and probably non-functional [Source:SGD;Acc:S000007394]"  ; gene_id "YDR261C-C"  ; logic_name sgd
removing XV	sgd	transposable_element_gene	704419	709732	.	-	.	ID "gene:YOR192C-B"  ; biotype transposable_element ; description "Retrotransposon TYA Gag and TYB Pol genes; transcribed/translated as one unit; polyprotein is processed to make a nucleocapsid-like protein (Gag), reverse transcriptase (RT), protease (PR), and integrase (IN); similar to retroviral genes [Source:SGD;Acc:S000007354]"  ; gene_id "YOR192C-B"  ; logic_name sgd
removing IV	sgd	transposable_element_gene	981462	982778	.	+	.	ID "gene:YDR261W-A"  ; biotype transposable_element ; description "Retrotransposon TYA Gag gene co-transcribed with TYB Pol; translated as TYA or TYA-TYB polyprotein; Gag is a nucleocapsid protein that is the structural constituent of virus-like particles (VLPs); similar to retroviral Gag [Source:SGD;Acc:S000007396]"  ; gene_id "YDR261W-A"  ; logic_name sgd
removing XII	sgd	transposable_element_gene	651117	652439	.	+	.	ID "gene:YLR256W-A"  ; biotype transposable_element ; description "Retrotransposon TYA Gag gene co-transcribed with TYB Pol; translated as TYA or TYA-TYB polyprotein; Gag is a nucleocapsid protein that is the structural constituent of virus-like particles (VLPs); similar to retroviral Gag [Source:SGD;Acc:S000007377]"  ; gene_id "YLR256W-A"  ; logic_name sgd
removing XVI	sgd	transposable_element_gene	808947	810269	.	-	.	ID "gene:YPR137C-A"  ; biotype transposable_element ; description "Retrotransposon TYA Gag gene co-transcribed with TYB Pol; translated as TYA or TYA-TYB polyprotein; Gag is a nucleocapsid protein that is the structural constituent of virus-like particles (VLPs); similar to retroviral Gag [Source:SGD;Acc:S000007359]"  ; gene_id "YPR137C-A"  ; logic_name sgd
removing IV	sgd	transposable_element_gene	987534	992349	.	-	.	ID "gene:YDR261C-D"  ; biotype transposable_element ; description "Retrotransposon TYA Gag and TYB Pol genes; Gag processing produces capsid proteins, Pol is cleaved to produce protease, reverse transcriptase and integrase activities; in YDRCTy1-3 TYB is mutant and probably non-functional [Source:SGD;Acc:S000007395]"  ; gene_id "YDR261C-D"  ; logic_name sgd
removing XIII	sgd	transposable_element_gene	196628	201896	.	+	.	ID "gene:YML039W"  ; biotype transposable_element ; description "Retrotransposon TYA Gag and TYB Pol genes; transcribed/translated as one unit; polyprotein is processed to make a nucleocapsid-like protein (Gag), reverse transcriptase (RT), protease (PR), and integrase (IN); similar to retroviral genes [Source:SGD;Acc:S000004503]"  ; gene_id YML039W ; logic_name sgd
removing XII	sgd	transposable_element_gene	480279	481601	.	-	.	ID "gene:YLR157C-A"  ; biotype transposable_element ; description "Retrotransposon TYA Gag gene co-transcribed with TYB Pol; translated as TYA or TYA-TYB polyprotein; Gag is a nucleocapsid protein that is the structural constituent of virus-like particles (VLPs); similar to retroviral Gag [Source:SGD;Acc:S000007373]"  ; gene_id "YLR157C-A"  ; logic_name sgd
removing XV	sgd	transposable_element_gene	970578	975891	.	+	.	ID "gene:YOR343W-B"  ; biotype transposable_element ; description "Retrotransposon TYA Gag and TYB Pol genes; transcribed/translated as one unit; polyprotein is processed to make a nucleocapsid-like protein (Gag), reverse transcriptase (RT), protease (PR), and integrase (IN); similar to retroviral genes [Source:SGD;Acc:S000007356]"  ; gene_id "YOR343W-B"  ; logic_name sgd
removing VII	sgd	transposable_element_gene	536057	537379	.	+	.	ID "gene:YGR027W-A"  ; biotype transposable_element ; description "Retrotransposon TYA Gag gene co-transcribed with TYB Pol; translated as TYA or TYA-TYB polyprotein; Gag is a nucleocapsid protein that is the structural constituent of virus-like particles (VLPs); similar to retroviral Gag [Source:SGD;Acc:S000007405]"  ; gene_id "YGR027W-A"  ; logic_name sgd
removing XIII	sgd	transposable_element_gene	184461	185783	.	+	.	ID "gene:YML045W-A"  ; biotype transposable_element ; description "Retrotransposon TYA Gag gene co-transcribed with TYB Pol; translated as TYA or TYA-TYB polyprotein; Gag is a nucleocapsid protein that is the structural constituent of virus-like particles (VLPs); similar to retroviral Gag [Source:SGD;Acc:S000007381]"  ; gene_id "YML045W-A"  ; logic_name sgd
removing X	sgd	transposable_element_gene	478344	483612	.	+	.	ID "gene:YJR029W"  ; biotype transposable_element ; description "Retrotransposon TYA Gag and TYB Pol genes; transcribed/translated as one unit; polyprotein is processed to make a nucleocapsid-like protein (Gag), reverse transcriptase (RT), protease (PR), and integrase (IN); similar to retroviral genes [Source:SGD;Acc:S000003790]"  ; gene_id YJR029W ; logic_name sgd
removing IV	sgd	transposable_element_gene	803195	804517	.	+	.	ID "gene:YDR170W-A"  ; biotype transposable_element ; description "Retrotransposon TYA Gag gene; Gag is a nucleocapsid protein that is the structural constituent of virus-like particles (VLPs); similar to retroviral Gag; YDR170W-A is part of a mutant retrotransposon; distribution in the cytoplasm becomes irregular rather than punctate upon DNA replication stress [Source:SGD;Acc:S000007227]"  ; gene_id "YDR170W-A"  ; logic_name sgd
removing VII	sgd	transposable_element_gene	821693	823015	.	-	.	ID "gene:YGR161C-C"  ; biotype transposable_element ; description "Retrotransposon TYA Gag gene co-transcribed with TYB Pol; translated as TYA or TYA-TYB polyprotein; Gag is a nucleocapsid protein that is the structural constituent of virus-like particles (VLPs); similar to retroviral Gag [Source:SGD;Acc:S000007367]"  ; gene_id "YGR161C-C"  ; logic_name sgd
removing VIII	sgd	transposable_element_gene	85909	87150	.	+	.	ID "gene:YHL009W-A"  ; biotype transposable_element ; description "Retrotransposon TYA Gag gene co-transcribed with TYB Pol; translated as TYA or TYA-TYB polyprotein; Gag is a nucleocapsid protein that is the structural constituent of virus-like particles (VLPs); similar to retroviral Gag [Source:SGD;Acc:S000007371]"  ; gene_id "YHL009W-A"  ; logic_name sgd
removing XIV	sgd	transposable_element_gene	100910	102232	.	-	.	ID "gene:YNL284C-A"  ; biotype transposable_element ; description "Retrotransposon TYA Gag gene co-transcribed with TYB Pol; translated as TYA or TYA-TYB polyprotein; Gag is a nucleocapsid protein that is the structural constituent of virus-like particles (VLPs); similar to retroviral Gag [Source:SGD;Acc:S000007386]"  ; gene_id "YNL284C-A"  ; logic_name sgd
removing VII	sgd	transposable_element_gene	817747	823015	.	-	.	ID "gene:YGR161C-D"  ; biotype transposable_element ; description "Retrotransposon TYA Gag and TYB Pol genes; transcribed/translated as one unit; polyprotein is processed to make a nucleocapsid-like protein (Gag), reverse transcriptase (RT), protease (PR), and integrase (IN); similar to retroviral genes [Source:SGD;Acc:S000007368]"  ; gene_id "YGR161C-D"  ; logic_name sgd
removing VII	sgd	transposable_element_gene	707610	712254	.	+	.	ID "gene:YGR109W-B"  ; biotype transposable_element ; description "Retrotransposon TYA Gag and TYB Pol genes; transcribed/translated as one unit; polyprotein is processed to make a nucleocapsid-like protein (Gag), reverse transcriptase (RT), protease (PR), and integrase (IN); similar to retroviral genes [Source:SGD;Acc:S000007347]"  ; gene_id "YGR109W-B"  ; logic_name sgd
removing VII	sgd	transposable_element_gene	811738	813054	.	+	.	ID "gene:YGR161W-A"  ; biotype transposable_element ; description "Retrotransposon TYA Gag gene co-transcribed with TYB Pol; translated as TYA or TYA-TYB polyprotein; Gag is a nucleocapsid protein that is the structural constituent of virus-like particles (VLPs); similar to retroviral Gag [Source:SGD;Acc:S000007369]"  ; gene_id "YGR161W-A"  ; logic_name sgd
removing IV	sgd	transposable_element_gene	1206997	1212265	.	+	.	ID "gene:YDR365W-B"  ; biotype transposable_element ; description "Retrotransposon TYA Gag and TYB Pol genes; transcribed/translated as one unit; polyprotein is processed to make a nucleocapsid-like protein (Gag), reverse transcriptase (RT), protease (PR), and integrase (IN); similar to retroviral genes [Source:SGD;Acc:S000007401]"  ; gene_id "YDR365W-B"  ; logic_name sgd
removing X	sgd	transposable_element_gene	198678	203325	.	+	.	ID "gene:YJL113W"  ; biotype transposable_element ; description "Retrotransposon TYA Gag and TYB Pol genes; transcribed/translated as one unit; polyprotein is processed to make a nucleocapsid-like protein (Gag), reverse transcriptase (RT), protease (PR), and integrase (IN); similar to retroviral genes [Source:SGD;Acc:S000003649]"  ; gene_id YJL113W ; logic_name sgd
removing XIII	sgd	transposable_element_gene	184461	189729	.	+	.	ID "gene:YML045W"  ; biotype transposable_element ; description "Retrotransposon TYA Gag and TYB Pol genes; transcribed/translated as one unit; polyprotein is processed to make a nucleocapsid-like protein (Gag), reverse transcriptase (RT), protease (PR), and integrase (IN); similar to retroviral genes [Source:SGD;Acc:S000004508]"  ; gene_id YML045W ; logic_name sgd
removing VII	sgd	transposable_element_gene	562199	567467	.	-	.	ID "gene:YGR038C-B"  ; biotype transposable_element ; description "Retrotransposon TYA Gag and TYB Pol genes; transcribed/translated as one unit; polyprotein is processed to make a nucleocapsid-like protein (Gag), reverse transcriptase (RT), protease (PR), and integrase (IN); similar to retroviral genes [Source:SGD;Acc:S000007408]"  ; gene_id "YGR038C-B"  ; logic_name sgd
removing XV	sgd	transposable_element_gene	118000	119322	.	+	.	ID "gene:YOL103W-A"  ; biotype transposable_element ; description "Retrotransposon TYA Gag gene co-transcribed with TYB Pol; translated as TYA or TYA-TYB polyprotein; Gag is a nucleocapsid protein that is the structural constituent of virus-like particles (VLPs); similar to retroviral Gag [Source:SGD;Acc:S000007349]"  ; gene_id "YOL103W-A"  ; logic_name sgd
removing VII	sgd	transposable_element_gene	707610	708482	.	+	.	ID "gene:YGR109W-A"  ; biotype transposable_element ; description "Retrotransposon TYA Gag gene co-transcribed with TYB Pol; translated as TYA or TYA-TYB polyprotein; Gag is a nucleocapsid protein that is the structural constituent of virus-like particles (VLPs); similar to retroviral Gag [Source:SGD;Acc:S000007346]"  ; gene_id "YGR109W-A"  ; logic_name sgd
removing VII	sgd	transposable_element_gene	811738	817051	.	+	.	ID "gene:YGR161W-B"  ; biotype transposable_element ; description "Retrotransposon TYA Gag and TYB Pol genes; transcribed/translated as one unit; polyprotein is processed to make a nucleocapsid-like protein (Gag), reverse transcriptase (RT), protease (PR), and integrase (IN); similar to retroviral genes [Source:SGD;Acc:S000007370]"  ; gene_id "YGR161W-B"  ; logic_name sgd
removing XIV	sgd	transposable_element_gene	96964	102232	.	-	.	ID "gene:YNL284C-B"  ; biotype transposable_element ; description "Retrotransposon TYA Gag and TYB Pol genes; transcribed/translated as one unit; polyprotein is processed to make a nucleocapsid-like protein (Gag), reverse transcriptase (RT), protease (PR), and integrase (IN); similar to retroviral genes [Source:SGD;Acc:S000007387]"  ; gene_id "YNL284C-B"  ; logic_name sgd
removing XIII	sgd	transposable_element_gene	357359	362627	.	-	.	ID "gene:YMR045C"  ; biotype transposable_element ; description "Retrotransposon TYA Gag and TYB Pol genes; transcribed/translated as one unit; polyprotein is processed to make a nucleocapsid-like protein (Gag), reverse transcriptase (RT), protease (PR), and integrase (IN); similar to retroviral genes [Source:SGD;Acc:S000004648]"  ; gene_id YMR045C ; logic_name sgd
removing VIII	sgd	transposable_element_gene	85909	91318	.	+	.	ID "gene:YHL009W-B"  ; biotype transposable_element ; description "Retrotransposon TYA Gag and TYB Pol genes; transcribed/translated as one unit; polyprotein is processed to make a nucleocapsid-like protein (Gag), reverse transcriptase (RT), protease (PR), and integrase (IN); similar to retroviral genes [Source:SGD;Acc:S000007372]"  ; gene_id "YHL009W-B"  ; logic_name sgd
removing III	sgd	transposable_element_gene	85102	90415	.	+	.	ID "gene:YCL019W"  ; biotype transposable_element ; description "Retrotransposon TYA Gag and TYB Pol genes; transcribed/translated as one unit; polyprotein is processed to make a nucleocapsid-like protein (Gag), reverse transcriptase (RT), protease (PR), and integrase (IN); similar to retroviral genes [Source:SGD;Acc:S000000524]"  ; gene_id YCL019W ; logic_name sgd
removing XIII	sgd	transposable_element_gene	373057	378325	.	-	.	ID "gene:YMR050C"  ; biotype transposable_element ; description "Retrotransposon TYA Gag and TYB Pol genes; transcribed/translated as one unit; polyprotein is processed to make a nucleocapsid-like protein (Gag), reverse transcriptase (RT), protease (PR), and integrase (IN); similar to retroviral genes [Source:SGD;Acc:S000004653]"  ; gene_id YMR050C ; logic_name sgd
removing XV	sgd	transposable_element_gene	118000	123268	.	+	.	ID "gene:YOL103W-B"  ; biotype transposable_element ; description "Retrotransposon TYA Gag and TYB Pol genes; transcribed/translated as one unit; polyprotein is processed to make a nucleocapsid-like protein (Gag), reverse transcriptase (RT), protease (PR), and integrase (IN); similar to retroviral genes [Source:SGD;Acc:S000007350]"  ; gene_id "YOL103W-B"  ; logic_name sgd
removing IX	sgd	transposable_element_gene	205635	210132	.	+	.	ID "gene:YIL082W-A"  ; biotype transposable_element ; description "Retrotransposon TYA Gag and TYB Pol genes; transcribed/translated as one unit; polyprotein is processed to make a nucleocapsid-like protein (Gag), reverse transcriptase (RT), protease (PR), and integrase (IN); similar to retroviral genes [Source:SGD;Acc:S000003537]"  ; gene_id "YIL082W-A"  ; logic_name sgd
removing VII	sgd	transposable_element_gene	566145	567467	.	-	.	ID "gene:YGR038C-A"  ; biotype transposable_element ; description "Retrotransposon TYA Gag gene co-transcribed with TYB Pol; translated as TYA or TYA-TYB polyprotein; Gag is a nucleocapsid protein that is the structural constituent of virus-like particles (VLPs); similar to retroviral Gag [Source:SGD;Acc:S000007407]"  ; gene_id "YGR038C-A"  ; logic_name sgd
removing IV	sgd	transposable_element_gene	1206997	1208319	.	+	.	ID "gene:YDR365W-A"  ; biotype transposable_element ; description "Retrotransposon TYA Gag gene co-transcribed with TYB Pol; translated as TYA or TYA-TYB polyprotein; Gag is a nucleocapsid protein that is the structural constituent of virus-like particles (VLPs); similar to retroviral Gag [Source:SGD;Acc:S000007400]"  ; gene_id "YDR365W-A"  ; logic_name sgd
removing XVI	sgd	transposable_element_gene	805001	810269	.	-	.	ID "gene:YPR137C-B"  ; biotype transposable_element ; description "Retrotransposon TYA Gag and TYB Pol genes; transcribed/translated as one unit; polyprotein is processed to make a nucleocapsid-like protein (Gag), reverse transcriptase (RT), protease (PR), and integrase (IN); similar to retroviral genes [Source:SGD;Acc:S000007360]"  ; gene_id "YPR137C-B"  ; logic_name sgd
removing IV	sgd	transposable_element_gene	981462	986775	.	+	.	ID "gene:YDR261W-B"  ; biotype transposable_element ; description "Retrotransposon TYA Gag and TYB Pol genes; transcribed/translated as one unit; polyprotein is processed to make a nucleocapsid-like protein (Gag), reverse transcriptase (RT), protease (PR), and integrase (IN); similar to retroviral genes [Source:SGD;Acc:S000007397]"  ; gene_id "YDR261W-B"  ; logic_name sgd
removing XV	sgd	transposable_element_gene	708416	709732	.	-	.	ID "gene:YOR192C-A"  ; biotype transposable_element ; description "Retrotransposon TYA Gag gene co-transcribed with TYB Pol; translated as TYA or TYA-TYB polyprotein; Gag is a nucleocapsid protein that is the structural constituent of virus-like particles (VLPs); similar to retroviral Gag [Source:SGD;Acc:S000007353]"  ; gene_id "YOR192C-A"  ; logic_name sgd
removing I	sgd	transposable_element_gene	160597	164187	.	-	.	ID "gene:YAR009C"  ; biotype transposable_element ; description "Retrotransposon TYA Gag and TYB Pol genes; Gag processing produces capsid proteins, Pol is cleaved to produce protease, reverse transcriptase and integrase activities; in YARCTy1-1 TYB is mutant and probably non-functional; protein product forms cytoplasmic foci upon DNA replication stress [Source:SGD;Acc:S000000067]"  ; gene_id YAR009C ; logic_name sgd
removing VII	sgd	transposable_element_gene	536057	541325	.	+	.	ID "gene:YGR027W-B"  ; biotype transposable_element ; description "Retrotransposon TYA Gag and TYB Pol genes; transcribed/translated as one unit; polyprotein is processed to make a nucleocapsid-like protein (Gag), reverse transcriptase (RT), protease (PR), and integrase (IN); similar to retroviral genes [Source:SGD;Acc:S000007406]"  ; gene_id "YGR027W-B"  ; logic_name sgd
removing XV	sgd	transposable_element_gene	970578	971894	.	+	.	ID "gene:YOR343W-A"  ; biotype transposable_element ; description "Retrotransposon TYA Gag gene co-transcribed with TYB Pol; translated as TYA or TYA-TYB polyprotein; Gag is a nucleocapsid protein that is the structural constituent of virus-like particles (VLPs); similar to retroviral Gag [Source:SGD;Acc:S000007355]"  ; gene_id "YOR343W-A"  ; logic_name sgd
removing XII	sgd	transposable_element_gene	476333	481601	.	-	.	ID "gene:YLR157C-B"  ; biotype transposable_element ; description "Retrotransposon TYA Gag and TYB Pol genes; transcribed/translated as one unit; polyprotein is processed to make a nucleocapsid-like protein (Gag), reverse transcriptase (RT), protease (PR), and integrase (IN); similar to retroviral genes [Source:SGD;Acc:S000007374]"  ; gene_id "YLR157C-B"  ; logic_name sgd
removing IV	sgd	transposable_element_gene	1096064	1097386	.	+	.	ID "gene:YDR316W-A"  ; biotype transposable_element ; description "Retrotransposon TYA Gag gene co-transcribed with TYB Pol; translated as TYA or TYA-TYB polyprotein; Gag is a nucleocapsid protein that is the structural constituent of virus-like particles (VLPs); similar to retroviral Gag [Source:SGD;Acc:S000007398]"  ; gene_id "YDR316W-A"  ; logic_name sgd
removing XII	sgd	transposable_element_gene	941483	946796	.	+	.	ID "gene:YLR410W-B"  ; biotype transposable_element ; description "Retrotransposon TYA Gag and TYB Pol genes; transcribed/translated as one unit; polyprotein is processed to make a nucleocapsid-like protein (Gag), reverse transcriptase (RT), protease (PR), and integrase (IN); similar to retroviral genes [Source:SGD;Acc:S000007380]"  ; gene_id "YLR410W-B"  ; logic_name sgd
removing IV	sgd	transposable_element_gene	872112	877425	.	+	.	ID "gene:YDR210W-B"  ; biotype transposable_element ; description "Retrotransposon TYA Gag and TYB Pol genes; transcribed/translated as one unit; polyprotein is processed to make a nucleocapsid-like protein (Gag), reverse transcriptase (RT), protease (PR), and integrase (IN); similar to retroviral genes [Source:SGD;Acc:S000007393]"  ; gene_id "YDR210W-B"  ; logic_name sgd
removing VI	sgd	transposable_element_gene	138204	143517	.	+	.	ID "gene:YFL002W-A"  ; biotype transposable_element ; description "Retrotransposon TYA Gag and TYB Pol genes; transcribed/translated as one unit; polyprotein is processed to make a nucleocapsid-like protein (Gag), reverse transcriptase (RT), protease (PR), and integrase (IN); similar to retroviral genes [Source:SGD;Acc:S000002962]"  ; gene_id "YFL002W-A"  ; logic_name sgd
removing V	sgd	transposable_element_gene	447702	449024	.	-	.	ID "gene:YER137C-A"  ; biotype transposable_element ; description "Retrotransposon TYA Gag gene co-transcribed with TYB Pol; translated as TYA or TYA-TYB polyprotein; Gag is a nucleocapsid protein that is the structural constituent of virus-like particles (VLPs); similar to retroviral Gag [Source:SGD;Acc:S000007402]"  ; gene_id "YER137C-A"  ; logic_name sgd
removing II	sgd	transposable_element_gene	259869	261191	.	+	.	ID "gene:YBR012W-A"  ; biotype transposable_element ; description "Retrotransposon TYA Gag gene co-transcribed with TYB Pol; translated as TYA or TYA-TYB polyprotein; Gag is a nucleocapsid protein that is the structural constituent of virus-like particles (VLPs); similar to retroviral Gag [Source:SGD;Acc:S000002154]"  ; gene_id "YBR012W-A"  ; logic_name sgd
removing V	sgd	transposable_element_gene	492856	498124	.	-	.	ID "gene:YER160C"  ; biotype transposable_element ; description "Retrotransposon TYA Gag and TYB Pol genes; transcribed/translated as one unit; polyprotein is processed to make a nucleocapsid-like protein (Gag), reverse transcriptase (RT), protease (PR), and integrase (IN); similar to retroviral genes [Source:SGD;Acc:S000000962]"  ; gene_id YER160C ; logic_name sgd
removing XIII	sgd	transposable_element_gene	196628	197950	.	+	.	ID "gene:YML040W"  ; biotype transposable_element ; description "Retrotransposon TYA Gag gene co-transcribed with TYB Pol; translated as TYA or TYA-TYB polyprotein; Gag is a nucleocapsid protein that is the structural constituent of virus-like particles (VLPs); similar to retroviral Gag [Source:SGD;Acc:S000004504]"  ; gene_id YML040W ; logic_name sgd
removing XVI	sgd	transposable_element_gene	844709	849980	.	+	.	ID "gene:YPR158W-B"  ; biotype transposable_element ; description "Retrotransposon TYA Gag and TYB Pol genes; transcribed/translated as one unit; polyprotein is processed to make a nucleocapsid-like protein (Gag), reverse transcriptase (RT), protease (PR), and integrase (IN); similar to retroviral genes [Source:SGD;Acc:S000007364]"  ; gene_id "YPR158W-B"  ; logic_name sgd
removing XVI	sgd	transposable_element_gene	56748	58070	.	+	.	ID "gene:YPL257W-A"  ; biotype transposable_element ; description "Retrotransposon TYA Gag gene co-transcribed with TYB Pol; translated as TYA or TYA-TYB polyprotein; Gag is a nucleocapsid protein that is the structural constituent of virus-like particles (VLPs); similar to retroviral Gag [Source:SGD;Acc:S000007357]"  ; gene_id "YPL257W-A"  ; logic_name sgd
removing XII	sgd	transposable_element_gene	593438	598706	.	+	.	ID "gene:YLR227W-B"  ; biotype transposable_element ; description "Retrotransposon TYA Gag and TYB Pol genes; transcribed/translated as one unit; polyprotein is processed to make a nucleocapsid-like protein (Gag), reverse transcriptase (RT), protease (PR), and integrase (IN); similar to retroviral genes [Source:SGD;Acc:S000007376]"  ; gene_id "YLR227W-B"  ; logic_name sgd
removing XIV	sgd	transposable_element_gene	519456	524706	.	+	.	ID "gene:YNL054W-B"  ; biotype transposable_element ; description "TyB Gag-Pol protein; proteolytically processed to make the Gag, reverse transcriptase (RT), protease (PR), and integrase (IN) proteins that are required for retrotransposition [Source:SGD;Acc:S000007385]"  ; gene_id "YNL054W-B"  ; logic_name sgd
removing X	sgd	transposable_element_gene	197915	198595	.	+	.	ID "gene:YJL114W"  ; biotype transposable_element ; description "Retrotransposon TYA Gag gene co-transcribed with TYB Pol; translated as TYA or TYA-TYB polyprotein; Gag is a nucleocapsid protein that is the structural constituent of virus-like particles (VLPs); similar to retroviral Gag [Source:SGD;Acc:S000003650]"  ; gene_id YJL114W ; logic_name sgd
removing VIII	sgd	transposable_element_gene	543964	549346	.	-	.	ID "gene:YHR214C-B"  ; biotype transposable_element ; description "Retrotransposon TYA Gag and TYB Pol genes; transcribed/translated as one unit; polyprotein is processed to make a nucleocapsid-like protein (Gag), reverse transcriptase (RT), protease (PR), and integrase (IN); similar to retroviral genes; YHR214C-B has a paralog, YAR070C, that arose from a segmental duplication [Source:SGD;Acc:S000003534]"  ; gene_id "YHR214C-B"  ; logic_name sgd
removing II	sgd	transposable_element_gene	29935	35248	.	+	.	ID "gene:YBL100W-B"  ; biotype transposable_element ; description "Retrotransposon TYA Gag and TYB Pol genes; transcribed/translated as one unit; polyprotein is processed to make a nucleocapsid-like protein (Gag), reverse transcriptase (RT), protease (PR), and integrase (IN); similar to retroviral genes [Source:SGD;Acc:S000002149]"  ; gene_id "YBL100W-B"  ; logic_name sgd
removing IV	sgd	transposable_element_gene	645858	651126	.	-	.	ID "gene:YDR098C-B"  ; biotype transposable_element ; description "Retrotransposon TYA Gag and TYB Pol genes; transcribed/translated as one unit; polyprotein is processed to make a nucleocapsid-like protein (Gag), reverse transcriptase (RT), protease (PR), and integrase (IN); similar to retroviral genes [Source:SGD;Acc:S000007391]"  ; gene_id "YDR098C-B"  ; logic_name sgd
removing XV	sgd	transposable_element_gene	595112	596434	.	+	.	ID "gene:YOR142W-A"  ; biotype transposable_element ; description "Retrotransposon TYA Gag gene co-transcribed with TYB Pol; translated as TYA or TYA-TYB polyprotein; Gag is a nucleocapsid protein that is the structural constituent of virus-like particles (VLPs); similar to retroviral Gag [Source:SGD;Acc:S000007351]"  ; gene_id "YOR142W-A"  ; logic_name sgd
removing X	sgd	transposable_element_gene	472760	474082	.	+	.	ID "gene:YJR026W"  ; biotype transposable_element ; description "Retrotransposon TYA Gag gene co-transcribed with TYB Pol; translated as TYA or TYA-TYB polyprotein; Gag is a nucleocapsid protein that is the structural constituent of virus-like particles (VLPs); similar to retroviral Gag [Source:SGD;Acc:S000003787]"  ; gene_id YJR026W ; logic_name sgd
removing X	sgd	transposable_element_gene	478344	479666	.	+	.	ID "gene:YJR028W"  ; biotype transposable_element ; description "Retrotransposon TYA Gag gene co-transcribed with TYB Pol; translated as TYA or TYA-TYB polyprotein; Gag is a nucleocapsid protein that is the structural constituent of virus-like particles (VLPs); similar to retroviral Gag [Source:SGD;Acc:S000003789]"  ; gene_id YJR028W ; logic_name sgd
removing II	sgd	transposable_element_gene	221330	226598	.	+	.	ID "gene:YBL005W-B"  ; biotype transposable_element ; description "Retrotransposon TYA Gag and TYB Pol genes; transcribed/translated as one unit; polyprotein is processed to make a nucleocapsid-like protein (Gag), reverse transcriptase (RT), protease (PR), and integrase (IN); similar to retroviral genes [Source:SGD;Acc:S000002147]"  ; gene_id "YBL005W-B"  ; logic_name sgd
91 cases removed where L1 features do not have children (while they are suposed to have children).
------------------------------ done in 0 seconds -------------------------------

------------------------- Check7: all level3 locations -------------------------
------------------------------ done in 0 seconds -------------------------------

------------------------------ Check8: check cds -------------------------------
No problem found
------------------------------ done in 0 seconds -------------------------------

----------------------------- Check9: check exons ------------------------------
No exons created
No exons locations modified
No supernumerary exons removed
No level2 locations modified
------------------------------ done in 1 seconds -------------------------------

----------------------------- Check10: check utrs ------------------------------
No UTRs created
No UTRs locations modified
No supernumerary UTRs removed
------------------------------ done in 0 seconds -------------------------------

------------------------ Check11: all level2 locations -------------------------
No problem found
------------------------------ done in 0 seconds -------------------------------

------------------------ Check12: all level1 locations -------------------------
No problem found
------------------------------ done in 0 seconds -------------------------------

---------------------- Check13: remove identical isoforms ----------------------
None found
------------------------------ done in 0 seconds -------------------------------
                  ------ End checks (done in 1 second) ------                   


