Config file /data/work/I2BC/fadwa.elkhaddar/BIM/ORFMINE/ORFmine/orfmine/orfribo/config.yaml is extended by additional config specified via the command line.
Building DAG of jobs...
Using shell: /usr/bin/bash
Provided cores: 8
Rules claiming more threads will be scaled down.
Provided resources: mem_mb=2000000
Job stats:
job         count    min threads    max threads
--------  -------  -------------  -------------
all             1              1              1
name_CDS        1              1              1
total           2              1              1

mkdir -p /data/work/I2BC/fadwa.elkhaddar/BIM/ORFMINE/ORFmine/orfmine/orfribo/Test/logs
echo 'RiboDoc version : 0.8.7' > /data/work/I2BC/fadwa.elkhaddar/BIM/ORFMINE/ORFmine/orfmine/orfribo/Test/SUPPLEMENTARY_DATA/Logs/RiboDoc_package_versions.txt
Select jobs to execute...

[Wed Apr 24 14:28:50 2024]
rule name_CDS:
    input: /data/work/I2BC/fadwa.elkhaddar/BIM/orfmine_tutorial/ORFmine/examples/database/Scer.gff
    output: /data/work/I2BC/fadwa.elkhaddar/BIM/ORFMINE/ORFmine/orfmine/orfribo/Test/DATA_PROCESSING/Edited_Gff/Named.CDS_Scer.gff
    jobid: 2
    reason: Missing output files: /data/work/I2BC/fadwa.elkhaddar/BIM/ORFMINE/ORFmine/orfmine/orfribo/Test/DATA_PROCESSING/Edited_Gff/Named.CDS_Scer.gff
    resources: tmpdir=/tmp

[Wed Apr 24 14:28:52 2024]
Finished job 2.
1 of 2 steps (50%) done
Select jobs to execute...

[Wed Apr 24 14:28:52 2024]
localrule all:
    input: /data/work/I2BC/fadwa.elkhaddar/BIM/ORFMINE/ORFmine/orfmine/orfribo/Test/DATA_PROCESSING/Quality_control/SRR1562875/SRR1562875_fastqc.html, /data/work/I2BC/fadwa.elkhaddar/BIM/ORFMINE/ORFmine/orfmine/orfribo/Test/DATA_PROCESSING/Edited_Gff/Named.CDS_Scer.gff, /data/work/I2BC/fadwa.elkhaddar/BIM/ORFMINE/ORFmine/orfmine/orfribo/Test/DATA_PROCESSING/Trimming/Trimmed_fastq/SRR1562875/SRR1562875.cutadapt.25-35.fastq.gz
    jobid: 0
    reason: Input files updated by another job: /data/work/I2BC/fadwa.elkhaddar/BIM/ORFMINE/ORFmine/orfmine/orfribo/Test/DATA_PROCESSING/Edited_Gff/Named.CDS_Scer.gff
    resources: tmpdir=/tmp

[Wed Apr 24 14:28:52 2024]
Finished job 0.
2 of 2 steps (100%) done
Complete log: .snakemake/log/2024-04-24T142848.081723.snakemake.log
