Building DAG of jobs...
Using shell: /usr/bin/bash
Provided cores: 1 (use --cores to define parallelism)
Rules claiming more threads will be scaled down.
Job stats:
job                      count    min threads    max threads
---------------------  -------  -------------  -------------
adapt_trimming               2              1              1
all                          1              1              1
find_adapter_sequence        2              1              1
make_fastqc                  2              1              1
name_CDS                     1              1              1
total                        8              1              1

Select jobs to execute...

[Wed Apr 24 12:14:05 2024]
rule name_CDS:
    input: /data/work/I2BC/fadwa.elkhaddar/BIM/ORFMINE/ORFmine/orfmine/orfribo
    output: /data/work/I2BC/fadwa.elkhaddar/BIM/ORFMINE/ORFmine/orfmine/orfribo/Test/DATA_PROCESSING/Edited_Gff/Named.CDS_orfribo
    jobid: 3
    reason: Missing output files: /data/work/I2BC/fadwa.elkhaddar/BIM/ORFMINE/ORFmine/orfmine/orfribo/Test/DATA_PROCESSING/Edited_Gff/Named.CDS_orfribo
    resources: tmpdir=/var/tmp/pbs.979359.pbsserver

Shutting down, this might take some time.
Exiting because a job execution failed. Look above for error message
Complete log: .snakemake/log/2024-04-24T121403.327531.snakemake.log
