Config file /data/work/I2BC/fadwa.elkhaddar/BIM/ORFMINE/ORFmine/orfmine/orfribo/config.yaml is extended by additional config specified via the command line.
Building DAG of jobs...
Using shell: /usr/bin/bash
Provided cores: 8
Rules claiming more threads will be scaled down.
Provided resources: mem_mb=2000000
Job stats:
job                    count    min threads    max threads
-------------------  -------  -------------  -------------
Bam2Reads_Orfium          11              1              1
all                        1              1              1
samtools_filter            1              8              8
samtools_index             1              1              1
select_read_lengths        1              8              8
total                     15              1              8

mkdir -p /data/work/I2BC/fadwa.elkhaddar/BIM/ORFMINE/ORFmine/orfmine/orfribo/Test/logs
echo 'RiboDoc version : 0.8.7' > /data/work/I2BC/fadwa.elkhaddar/BIM/ORFMINE/ORFmine/orfmine/orfribo/Test/SUPPLEMENTARY_DATA/Logs/RiboDoc_package_versions.txt
Select jobs to execute...

[Thu Apr 25 14:45:07 2024]
rule select_read_lengths:
    output: /data/work/I2BC/fadwa.elkhaddar/BIM/ORFMINE/ORFmine/orfmine/orfribo/Test/DATA_PROCESSING/Selected_length/SRR1562875/Selected_length.txt
    jobid: 40
    reason: Missing output files: /data/work/I2BC/fadwa.elkhaddar/BIM/ORFMINE/ORFmine/orfmine/orfribo/Test/DATA_PROCESSING/Selected_length/SRR1562875/Selected_length.txt
    wildcards: sample=SRR1562875
    threads: 8
    resources: tmpdir=/var/tmp/pbs.980092.pbsserver


                if [ -n "" ]; then
                    selected_length --dir /data/work/I2BC/fadwa.elkhaddar/BIM/ORFMINE/ORFmine/orfmine/orfribo/Test/DATA_PROCESSING/Bam2Reads_Exome/SRR1562875 --mean --threshold  --output /data/work/I2BC/fadwa.elkhaddar/BIM/ORFMINE/ORFmine/orfmine/orfribo/Test/DATA_PROCESSING/Selected_length/SRR1562875/Selected_length.txt
                fi

                if [ -n "70" ]; then
                    selected_length --dir /data/work/I2BC/fadwa.elkhaddar/BIM/ORFMINE/ORFmine/orfmine/orfribo/Test/DATA_PROCESSING/Bam2Reads_Exome/SRR1562875  --median --threshold 70 --output /data/work/I2BC/fadwa.elkhaddar/BIM/ORFMINE/ORFmine/orfmine/orfribo/Test/DATA_PROCESSING/Selected_length/SRR1562875/Selected_length.txt
                fi

                if [ -n "70" ] && [ -n "" ]; then
                    selected_length --dir /data/work/I2BC/fadwa.elkhaddar/BIM/ORFMINE/ORFmine/orfmine/orfribo/Test/DATA_PROCESSING/Bam2Reads_Exome/SRR1562875  --both --threshold  --output /data/work/I2BC/fadwa.elkhaddar/BIM/ORFMINE/ORFmine/orfmine/orfribo/Test/DATA_PROCESSING/Selected_length/SRR1562875/Selected_length.txt
                fi

        
[Thu Apr 25 14:45:10 2024]
Finished job 40.
1 of 15 steps (7%) done
Select jobs to execute...

[Thu Apr 25 14:45:10 2024]
rule samtools_filter:
    input: /data/work/I2BC/fadwa.elkhaddar/BIM/ORFMINE/ORFmine/orfmine/orfribo/Test/DATA_PROCESSING/Mapping/Orfium/Hisat2/Results/SRR1562875/SRR1562875.sam, /data/work/I2BC/fadwa.elkhaddar/BIM/ORFMINE/ORFmine/orfmine/orfribo/Test/DATA_PROCESSING/Mapping/Orfium/Bowtie2/Results/SRR1562875/SRR1562875.sam
    output: /data/work/I2BC/fadwa.elkhaddar/BIM/ORFMINE/ORFmine/orfmine/orfribo/Test/RESULTS/BAM/Orfium/SRR1562875/SRR1562875.bam
    jobid: 42
    benchmark: /data/work/I2BC/fadwa.elkhaddar/BIM/ORFMINE/ORFmine/orfmine/orfribo/Test/SUPPLEMENTARY_DATA/Benchmarks/BAM/Orfium/SRR1562875_bam_Orfium.benchmark.txt
    reason: Missing output files: /data/work/I2BC/fadwa.elkhaddar/BIM/ORFMINE/ORFmine/orfmine/orfribo/Test/RESULTS/BAM/Orfium/SRR1562875/SRR1562875.bam
    wildcards: sample=SRR1562875
    threads: 8
    resources: tmpdir=/var/tmp/pbs.980092.pbsserver, mem_mb=667

set +o pipefail ;grep '^@' /data/work/I2BC/fadwa.elkhaddar/BIM/ORFMINE/ORFmine/orfmine/orfribo/Test/DATA_PROCESSING/Mapping/Orfium/Hisat2/Results/SRR1562875/SRR1562875.sam 1> /data/work/I2BC/fadwa.elkhaddar/BIM/ORFMINE/ORFmine/orfmine/orfribo/Test/RESULTS/BAM/Orfium/SRR1562875/SRR1562875.sam ; grep -v '^@' /data/work/I2BC/fadwa.elkhaddar/BIM/ORFMINE/ORFmine/orfmine/orfribo/Test/DATA_PROCESSING/Mapping/Orfium/Hisat2/Results/SRR1562875/SRR1562875.sam | grep -v 'ZS:i:' | egrep -i 'XM:i:0|XM:i:1' 1>> /data/work/I2BC/fadwa.elkhaddar/BIM/ORFMINE/ORFmine/orfmine/orfribo/Test/RESULTS/BAM/Orfium/SRR1562875/SRR1562875.sam ; grep -v '^@' /data/work/I2BC/fadwa.elkhaddar/BIM/ORFMINE/ORFmine/orfmine/orfribo/Test/DATA_PROCESSING/Mapping/Orfium/Bowtie2/Results/SRR1562875/SRR1562875.sam | grep -v 'XS:i:' | egrep -i 'XM:i:0|XM:i:1' 1>> /data/work/I2BC/fadwa.elkhaddar/BIM/ORFMINE/ORFmine/orfmine/orfribo/Test/RESULTS/BAM/Orfium/SRR1562875/SRR1562875.sam ;samtools view -@ 20 -F 3844 -q 1 -h -b /data/work/I2BC/fadwa.elkhaddar/BIM/ORFMINE/ORFmine/orfmine/orfribo/Test/RESULTS/BAM/Orfium/SRR1562875/SRR1562875.sam | samtools sort -@ 20 -o /data/work/I2BC/fadwa.elkhaddar/BIM/ORFMINE/ORFmine/orfmine/orfribo/Test/RESULTS/BAM/Orfium/SRR1562875/SRR1562875.bam ; rm /data/work/I2BC/fadwa.elkhaddar/BIM/ORFMINE/ORFmine/orfmine/orfribo/Test/RESULTS/BAM/Orfium/SRR1562875/SRR1562875.sam;
[Thu Apr 25 14:46:06 2024]
Finished job 42.
2 of 15 steps (13%) done
Select jobs to execute...

[Thu Apr 25 14:46:06 2024]
rule samtools_index:
    input: /data/work/I2BC/fadwa.elkhaddar/BIM/ORFMINE/ORFmine/orfmine/orfribo/Test/RESULTS/BAM/Orfium/SRR1562875/SRR1562875.bam
    output: /data/work/I2BC/fadwa.elkhaddar/BIM/ORFMINE/ORFmine/orfmine/orfribo/Test/RESULTS/BAM/Orfium/SRR1562875/SRR1562875.bam.bai
    jobid: 43
    reason: Missing output files: /data/work/I2BC/fadwa.elkhaddar/BIM/ORFMINE/ORFmine/orfmine/orfribo/Test/RESULTS/BAM/Orfium/SRR1562875/SRR1562875.bam.bai; Input files updated by another job: /data/work/I2BC/fadwa.elkhaddar/BIM/ORFMINE/ORFmine/orfmine/orfribo/Test/RESULTS/BAM/Orfium/SRR1562875/SRR1562875.bam
    wildcards: sample=SRR1562875
    resources: tmpdir=/var/tmp/pbs.980092.pbsserver

samtools index /data/work/I2BC/fadwa.elkhaddar/BIM/ORFMINE/ORFmine/orfmine/orfribo/Test/RESULTS/BAM/Orfium/SRR1562875/SRR1562875.bam
[Thu Apr 25 14:46:08 2024]
Finished job 43.
3 of 15 steps (20%) done
Select jobs to execute...

[Thu Apr 25 14:46:08 2024]
rule Bam2Reads_Orfium:
    input: /data/work/I2BC/fadwa.elkhaddar/BIM/orfmine_tutorial/ORFmine/examples/database/mapping_orf_Scer.gff, /data/work/I2BC/fadwa.elkhaddar/BIM/ORFMINE/ORFmine/orfmine/orfribo/Test/RESULTS/BAM/Orfium/SRR1562875/SRR1562875.bam, /data/work/I2BC/fadwa.elkhaddar/BIM/ORFMINE/ORFmine/orfmine/orfribo/Test/RESULTS/BAM/Orfium/SRR1562875/SRR1562875.bam.bai, /data/work/I2BC/fadwa.elkhaddar/BIM/ORFMINE/ORFmine/orfmine/orfribo/Test/DATA_PROCESSING/RiboWaltz/SRR1562875/psite_offset.csv, /data/work/I2BC/fadwa.elkhaddar/BIM/ORFMINE/ORFmine/orfmine/orfribo/Test/DATA_PROCESSING/Selected_length/SRR1562875/Selected_length.txt
    output: /data/work/I2BC/fadwa.elkhaddar/BIM/ORFMINE/ORFmine/orfmine/orfribo/Test/DATA_PROCESSING/Bam2Reads_Orfium/SRR1562875/SRR1562875_26/Orfium_26_reads.tab
    log: /data/work/I2BC/fadwa.elkhaddar/BIM/ORFMINE/ORFmine/orfmine/orfribo/Test/SUPPLEMENTARY_DATA/Logs/Bam2Reads_Orfium/SRR1562875.26.bam2read.log, /data/work/I2BC/fadwa.elkhaddar/BIM/ORFMINE/ORFmine/orfmine/orfribo/Test/SUPPLEMENTARY_DATA/Logs/Bam2Reads_Orfium/SRR1562875.26.offset_grep.log
    jobid: 44
    benchmark: /data/work/I2BC/fadwa.elkhaddar/BIM/ORFMINE/ORFmine/orfmine/orfribo/Test/SUPPLEMENTARY_DATA/Benchmarks/Bam2Reads_Orfium/SRR1562875.26.bam2read.benchmark.txt
    reason: Missing output files: /data/work/I2BC/fadwa.elkhaddar/BIM/ORFMINE/ORFmine/orfmine/orfribo/Test/DATA_PROCESSING/Bam2Reads_Orfium/SRR1562875/SRR1562875_26/Orfium_26_reads.tab; Input files updated by another job: /data/work/I2BC/fadwa.elkhaddar/BIM/ORFMINE/ORFmine/orfmine/orfribo/Test/DATA_PROCESSING/Selected_length/SRR1562875/Selected_length.txt, /data/work/I2BC/fadwa.elkhaddar/BIM/ORFMINE/ORFmine/orfmine/orfribo/Test/RESULTS/BAM/Orfium/SRR1562875/SRR1562875.bam.bai, /data/work/I2BC/fadwa.elkhaddar/BIM/ORFMINE/ORFmine/orfmine/orfribo/Test/RESULTS/BAM/Orfium/SRR1562875/SRR1562875.bam
    wildcards: sample=SRR1562875, length=26
    resources: tmpdir=/var/tmp/pbs.980092.pbsserver, mem_mb=2000


        lengths_list=$(cat /data/work/I2BC/fadwa.elkhaddar/BIM/ORFMINE/ORFmine/orfmine/orfribo/Test/DATA_PROCESSING/Selected_length/SRR1562875/Selected_length.txt)
        in_lengths_list=""

        for length in $lengths_list; do
            if [ "$length" == "26" ]; then
                offset=$(grep 'SRR1562875' /data/work/I2BC/fadwa.elkhaddar/BIM/ORFMINE/ORFmine/orfmine/orfribo/Test/DATA_PROCESSING/RiboWaltz/SRR1562875/psite_offset.csv 2> /data/work/I2BC/fadwa.elkhaddar/BIM/ORFMINE/ORFmine/orfmine/orfribo/Test/SUPPLEMENTARY_DATA/Logs/Bam2Reads_Orfium/SRR1562875.26.offset_grep.log | grep '^26' 2>> /data/work/I2BC/fadwa.elkhaddar/BIM/ORFMINE/ORFmine/orfmine/orfribo/Test/SUPPLEMENTARY_DATA/Logs/Bam2Reads_Orfium/SRR1562875.26.offset_grep.log | cut -f7 2>> /data/work/I2BC/fadwa.elkhaddar/BIM/ORFMINE/ORFmine/orfmine/orfribo/Test/SUPPLEMENTARY_DATA/Logs/Bam2Reads_Orfium/SRR1562875.26.offset_grep.log) 2>> /data/work/I2BC/fadwa.elkhaddar/BIM/ORFMINE/ORFmine/orfmine/orfribo/Test/SUPPLEMENTARY_DATA/Logs/Bam2Reads_Orfium/SRR1562875.26.offset_grep.log;
                python3 /data/work/I2BC/fadwa.elkhaddar/BIM/ORFMINE/ORFmine/orfmine/orfribo/scripts/BAM2Reads.py -shift ${offset} -kmer 26 -gff /data/work/I2BC/fadwa.elkhaddar/BIM/orfmine_tutorial/ORFmine/examples/database/mapping_orf_Scer.gff -bam /data/work/I2BC/fadwa.elkhaddar/BIM/ORFMINE/ORFmine/orfmine/orfribo/Test/RESULTS/BAM/Orfium/SRR1562875/SRR1562875.bam -outpath /data/work/I2BC/fadwa.elkhaddar/BIM/ORFMINE/ORFmine/orfmine/orfribo/Test/DATA_PROCESSING/Bam2Reads_Orfium/SRR1562875/SRR1562875_26 -outname Orfium_26 -features_include n c _ i n t e r g e n i c 2> /data/work/I2BC/fadwa.elkhaddar/BIM/ORFMINE/ORFmine/orfmine/orfribo/Test/SUPPLEMENTARY_DATA/Logs/Bam2Reads_Orfium/SRR1562875.26.bam2read.log;
                in_lengths_list="True"
                break
            fi
        done

        if [ -z "$in_lengths_list" ]; then
            touch /data/work/I2BC/fadwa.elkhaddar/BIM/ORFMINE/ORFmine/orfmine/orfribo/Test/DATA_PROCESSING/Bam2Reads_Orfium/SRR1562875/SRR1562875_26/Orfium_26_reads.tab
        fi
        
[Thu Apr 25 14:46:09 2024]
Finished job 44.
4 of 15 steps (27%) done
Select jobs to execute...

[Thu Apr 25 14:46:09 2024]
rule Bam2Reads_Orfium:
    input: /data/work/I2BC/fadwa.elkhaddar/BIM/orfmine_tutorial/ORFmine/examples/database/mapping_orf_Scer.gff, /data/work/I2BC/fadwa.elkhaddar/BIM/ORFMINE/ORFmine/orfmine/orfribo/Test/RESULTS/BAM/Orfium/SRR1562875/SRR1562875.bam, /data/work/I2BC/fadwa.elkhaddar/BIM/ORFMINE/ORFmine/orfmine/orfribo/Test/RESULTS/BAM/Orfium/SRR1562875/SRR1562875.bam.bai, /data/work/I2BC/fadwa.elkhaddar/BIM/ORFMINE/ORFmine/orfmine/orfribo/Test/DATA_PROCESSING/RiboWaltz/SRR1562875/psite_offset.csv, /data/work/I2BC/fadwa.elkhaddar/BIM/ORFMINE/ORFmine/orfmine/orfribo/Test/DATA_PROCESSING/Selected_length/SRR1562875/Selected_length.txt
    output: /data/work/I2BC/fadwa.elkhaddar/BIM/ORFMINE/ORFmine/orfmine/orfribo/Test/DATA_PROCESSING/Bam2Reads_Orfium/SRR1562875/SRR1562875_28/Orfium_28_reads.tab
    log: /data/work/I2BC/fadwa.elkhaddar/BIM/ORFMINE/ORFmine/orfmine/orfribo/Test/SUPPLEMENTARY_DATA/Logs/Bam2Reads_Orfium/SRR1562875.28.bam2read.log, /data/work/I2BC/fadwa.elkhaddar/BIM/ORFMINE/ORFmine/orfmine/orfribo/Test/SUPPLEMENTARY_DATA/Logs/Bam2Reads_Orfium/SRR1562875.28.offset_grep.log
    jobid: 46
    benchmark: /data/work/I2BC/fadwa.elkhaddar/BIM/ORFMINE/ORFmine/orfmine/orfribo/Test/SUPPLEMENTARY_DATA/Benchmarks/Bam2Reads_Orfium/SRR1562875.28.bam2read.benchmark.txt
    reason: Missing output files: /data/work/I2BC/fadwa.elkhaddar/BIM/ORFMINE/ORFmine/orfmine/orfribo/Test/DATA_PROCESSING/Bam2Reads_Orfium/SRR1562875/SRR1562875_28/Orfium_28_reads.tab; Input files updated by another job: /data/work/I2BC/fadwa.elkhaddar/BIM/ORFMINE/ORFmine/orfmine/orfribo/Test/DATA_PROCESSING/Selected_length/SRR1562875/Selected_length.txt, /data/work/I2BC/fadwa.elkhaddar/BIM/ORFMINE/ORFmine/orfmine/orfribo/Test/RESULTS/BAM/Orfium/SRR1562875/SRR1562875.bam.bai, /data/work/I2BC/fadwa.elkhaddar/BIM/ORFMINE/ORFmine/orfmine/orfribo/Test/RESULTS/BAM/Orfium/SRR1562875/SRR1562875.bam
    wildcards: sample=SRR1562875, length=28
    resources: tmpdir=/var/tmp/pbs.980092.pbsserver, mem_mb=2000


        lengths_list=$(cat /data/work/I2BC/fadwa.elkhaddar/BIM/ORFMINE/ORFmine/orfmine/orfribo/Test/DATA_PROCESSING/Selected_length/SRR1562875/Selected_length.txt)
        in_lengths_list=""

        for length in $lengths_list; do
            if [ "$length" == "28" ]; then
                offset=$(grep 'SRR1562875' /data/work/I2BC/fadwa.elkhaddar/BIM/ORFMINE/ORFmine/orfmine/orfribo/Test/DATA_PROCESSING/RiboWaltz/SRR1562875/psite_offset.csv 2> /data/work/I2BC/fadwa.elkhaddar/BIM/ORFMINE/ORFmine/orfmine/orfribo/Test/SUPPLEMENTARY_DATA/Logs/Bam2Reads_Orfium/SRR1562875.28.offset_grep.log | grep '^28' 2>> /data/work/I2BC/fadwa.elkhaddar/BIM/ORFMINE/ORFmine/orfmine/orfribo/Test/SUPPLEMENTARY_DATA/Logs/Bam2Reads_Orfium/SRR1562875.28.offset_grep.log | cut -f7 2>> /data/work/I2BC/fadwa.elkhaddar/BIM/ORFMINE/ORFmine/orfmine/orfribo/Test/SUPPLEMENTARY_DATA/Logs/Bam2Reads_Orfium/SRR1562875.28.offset_grep.log) 2>> /data/work/I2BC/fadwa.elkhaddar/BIM/ORFMINE/ORFmine/orfmine/orfribo/Test/SUPPLEMENTARY_DATA/Logs/Bam2Reads_Orfium/SRR1562875.28.offset_grep.log;
                python3 /data/work/I2BC/fadwa.elkhaddar/BIM/ORFMINE/ORFmine/orfmine/orfribo/scripts/BAM2Reads.py -shift ${offset} -kmer 28 -gff /data/work/I2BC/fadwa.elkhaddar/BIM/orfmine_tutorial/ORFmine/examples/database/mapping_orf_Scer.gff -bam /data/work/I2BC/fadwa.elkhaddar/BIM/ORFMINE/ORFmine/orfmine/orfribo/Test/RESULTS/BAM/Orfium/SRR1562875/SRR1562875.bam -outpath /data/work/I2BC/fadwa.elkhaddar/BIM/ORFMINE/ORFmine/orfmine/orfribo/Test/DATA_PROCESSING/Bam2Reads_Orfium/SRR1562875/SRR1562875_28 -outname Orfium_28 -features_include n c _ i n t e r g e n i c 2> /data/work/I2BC/fadwa.elkhaddar/BIM/ORFMINE/ORFmine/orfmine/orfribo/Test/SUPPLEMENTARY_DATA/Logs/Bam2Reads_Orfium/SRR1562875.28.bam2read.log;
                in_lengths_list="True"
                break
            fi
        done

        if [ -z "$in_lengths_list" ]; then
            touch /data/work/I2BC/fadwa.elkhaddar/BIM/ORFMINE/ORFmine/orfmine/orfribo/Test/DATA_PROCESSING/Bam2Reads_Orfium/SRR1562875/SRR1562875_28/Orfium_28_reads.tab
        fi
        
Terminating processes on user request, this might take some time.
Cancelling snakemake on user request.
