Config file /data/work/I2BC/fadwa.elkhaddar/BIM/ORFMINE/ORFmine/orfmine/orfribo/config.yaml is extended by additional config specified via the command line.
Building DAG of jobs...
Using shell: /usr/bin/bash
Provided cores: 8
Rules claiming more threads will be scaled down.
Provided resources: mem_mb=2000000
Job stats:
job                            count    min threads    max threads
---------------------------  -------  -------------  -------------
Bam2Reads_Orfium                  11              1              1
Exome_construction_gtf             1              1              1
Mapping_Genome_STAR_Bowtie2        1              8              8
ORFget                             1              1              1
adapt_trimming                     1              8              8
all                                1              1              1
bowtie_run_OutRNA                  1              8              8
find_adapter_sequence              1              1              1
index_outRNA_BOWTIE2               1              8              8
index_reference_BOWTIE2            1              8              8
index_reference_HISAT2             1              8              8
name_CDS                           1              1              1
riboWaltz_Exome                    1              1              1
samtools_filter                    1              8              8
samtools_index                     1              1              1
select_read_lengths                1              8              8
total                             26              1              8

mkdir -p /data/work/I2BC/fadwa.elkhaddar/BIM/ORFMINE/ORFmine/orfmine/orfribo/Test/logs
echo 'RiboDoc version : 0.8.7' > /data/work/I2BC/fadwa.elkhaddar/BIM/ORFMINE/ORFmine/orfmine/orfribo/Test/SUPPLEMENTARY_DATA/Logs/RiboDoc_package_versions.txt
Select jobs to execute...

[Thu Mar 28 23:01:11 2024]
rule index_reference_BOWTIE2:
    input: /data/work/I2BC/fadwa.elkhaddar/BIM/orfmine_tutorial/ORFmine/examples/database/Scer.fna
    output: /data/work/I2BC/fadwa.elkhaddar/BIM/ORFMINE/ORFmine/orfmine/orfribo/Test/DATA_PROCESSING/Mapping/Orfium/Bowtie2/Index/index_bowtie2.1.bt2, /data/work/I2BC/fadwa.elkhaddar/BIM/ORFMINE/ORFmine/orfmine/orfribo/Test/DATA_PROCESSING/Mapping/Orfium/Bowtie2/Index/index_bowtie2.2.bt2, /data/work/I2BC/fadwa.elkhaddar/BIM/ORFMINE/ORFmine/orfmine/orfribo/Test/DATA_PROCESSING/Mapping/Orfium/Bowtie2/Index/index_bowtie2.3.bt2, /data/work/I2BC/fadwa.elkhaddar/BIM/ORFMINE/ORFmine/orfmine/orfribo/Test/DATA_PROCESSING/Mapping/Orfium/Bowtie2/Index/index_bowtie2.4.bt2, /data/work/I2BC/fadwa.elkhaddar/BIM/ORFMINE/ORFmine/orfmine/orfribo/Test/DATA_PROCESSING/Mapping/Orfium/Bowtie2/Index/index_bowtie2.rev.1.bt2, /data/work/I2BC/fadwa.elkhaddar/BIM/ORFMINE/ORFmine/orfmine/orfribo/Test/DATA_PROCESSING/Mapping/Orfium/Bowtie2/Index/index_bowtie2.rev.2.bt2
    log: /data/work/I2BC/fadwa.elkhaddar/BIM/ORFMINE/ORFmine/orfmine/orfribo/Test/SUPPLEMENTARY_DATA/Logs/Mapping/Orfium/Bowtie2/Index/Orfium_index.log
    jobid: 10
    benchmark: /data/work/I2BC/fadwa.elkhaddar/BIM/ORFMINE/ORFmine/orfmine/orfribo/Test/SUPPLEMENTARY_DATA/Benchmarks/Mapping/Orfium/Bowtie2/Index/Orfium_index.benchmark.txt
    reason: Missing output files: /data/work/I2BC/fadwa.elkhaddar/BIM/ORFMINE/ORFmine/orfmine/orfribo/Test/DATA_PROCESSING/Mapping/Orfium/Bowtie2/Index/index_bowtie2.rev.2.bt2, /data/work/I2BC/fadwa.elkhaddar/BIM/ORFMINE/ORFmine/orfmine/orfribo/Test/DATA_PROCESSING/Mapping/Orfium/Bowtie2/Index/index_bowtie2.1.bt2, /data/work/I2BC/fadwa.elkhaddar/BIM/ORFMINE/ORFmine/orfmine/orfribo/Test/DATA_PROCESSING/Mapping/Orfium/Bowtie2/Index/index_bowtie2.2.bt2, /data/work/I2BC/fadwa.elkhaddar/BIM/ORFMINE/ORFmine/orfmine/orfribo/Test/DATA_PROCESSING/Mapping/Orfium/Bowtie2/Index/index_bowtie2.4.bt2, /data/work/I2BC/fadwa.elkhaddar/BIM/ORFMINE/ORFmine/orfmine/orfribo/Test/DATA_PROCESSING/Mapping/Orfium/Bowtie2/Index/index_bowtie2.3.bt2, /data/work/I2BC/fadwa.elkhaddar/BIM/ORFMINE/ORFmine/orfmine/orfribo/Test/DATA_PROCESSING/Mapping/Orfium/Bowtie2/Index/index_bowtie2.rev.1.bt2
    threads: 8
    resources: tmpdir=/var/tmp/pbs.954493.pbsserver

bowtie2-build --threads 8 /data/work/I2BC/fadwa.elkhaddar/BIM/orfmine_tutorial/ORFmine/examples/database/Scer.fna /data/work/I2BC/fadwa.elkhaddar/BIM/ORFMINE/ORFmine/orfmine/orfribo/Test/DATA_PROCESSING/Mapping/Orfium/Bowtie2/Index/index_bowtie2 &> /data/work/I2BC/fadwa.elkhaddar/BIM/ORFMINE/ORFmine/orfmine/orfribo/Test/SUPPLEMENTARY_DATA/Logs/Mapping/Orfium/Bowtie2/Index/Orfium_index.log ;
[Thu Mar 28 23:01:28 2024]
Finished job 10.
1 of 26 steps (4%) done
Select jobs to execute...

[Thu Mar 28 23:01:28 2024]
rule index_outRNA_BOWTIE2:
    input: /data/work/I2BC/fadwa.elkhaddar/BIM/orfmine_tutorial/ORFmine/examples/database/Scer_rRNA.fa
    output: /data/work/I2BC/fadwa.elkhaddar/BIM/ORFMINE/ORFmine/orfmine/orfribo/Test/DATA_PROCESSING/Mapping/Filter_Unwanted_Sequence/Index/index_bowtie2.1.bt2, /data/work/I2BC/fadwa.elkhaddar/BIM/ORFMINE/ORFmine/orfmine/orfribo/Test/DATA_PROCESSING/Mapping/Filter_Unwanted_Sequence/Index/index_bowtie2.2.bt2, /data/work/I2BC/fadwa.elkhaddar/BIM/ORFMINE/ORFmine/orfmine/orfribo/Test/DATA_PROCESSING/Mapping/Filter_Unwanted_Sequence/Index/index_bowtie2.3.bt2, /data/work/I2BC/fadwa.elkhaddar/BIM/ORFMINE/ORFmine/orfmine/orfribo/Test/DATA_PROCESSING/Mapping/Filter_Unwanted_Sequence/Index/index_bowtie2.4.bt2, /data/work/I2BC/fadwa.elkhaddar/BIM/ORFMINE/ORFmine/orfmine/orfribo/Test/DATA_PROCESSING/Mapping/Filter_Unwanted_Sequence/Index/index_bowtie2.rev.1.bt2, /data/work/I2BC/fadwa.elkhaddar/BIM/ORFMINE/ORFmine/orfmine/orfribo/Test/DATA_PROCESSING/Mapping/Filter_Unwanted_Sequence/Index/index_bowtie2.rev.2.bt2
    log: /data/work/I2BC/fadwa.elkhaddar/BIM/ORFMINE/ORFmine/orfmine/orfribo/Test/SUPPLEMENTARY_DATA/Logs/Mapping/Filter_Unwanted_Sequence/Index_Filter_Unwanted_Sequence.log
    jobid: 8
    benchmark: /data/work/I2BC/fadwa.elkhaddar/BIM/ORFMINE/ORFmine/orfmine/orfribo/Test/SUPPLEMENTARY_DATA/Benchmarks/Mapping/Filter_Unwanted_Sequence/Index_Filter_Unwanted_Sequence.txt
    reason: Missing output files: /data/work/I2BC/fadwa.elkhaddar/BIM/ORFMINE/ORFmine/orfmine/orfribo/Test/DATA_PROCESSING/Mapping/Filter_Unwanted_Sequence/Index/index_bowtie2.4.bt2, /data/work/I2BC/fadwa.elkhaddar/BIM/ORFMINE/ORFmine/orfmine/orfribo/Test/DATA_PROCESSING/Mapping/Filter_Unwanted_Sequence/Index/index_bowtie2.2.bt2, /data/work/I2BC/fadwa.elkhaddar/BIM/ORFMINE/ORFmine/orfmine/orfribo/Test/DATA_PROCESSING/Mapping/Filter_Unwanted_Sequence/Index/index_bowtie2.rev.1.bt2, /data/work/I2BC/fadwa.elkhaddar/BIM/ORFMINE/ORFmine/orfmine/orfribo/Test/DATA_PROCESSING/Mapping/Filter_Unwanted_Sequence/Index/index_bowtie2.3.bt2, /data/work/I2BC/fadwa.elkhaddar/BIM/ORFMINE/ORFmine/orfmine/orfribo/Test/DATA_PROCESSING/Mapping/Filter_Unwanted_Sequence/Index/index_bowtie2.1.bt2, /data/work/I2BC/fadwa.elkhaddar/BIM/ORFMINE/ORFmine/orfmine/orfribo/Test/DATA_PROCESSING/Mapping/Filter_Unwanted_Sequence/Index/index_bowtie2.rev.2.bt2
    threads: 8
    resources: tmpdir=/var/tmp/pbs.954493.pbsserver

bowtie2-build --threads 8 /data/work/I2BC/fadwa.elkhaddar/BIM/orfmine_tutorial/ORFmine/examples/database/Scer_rRNA.fa /data/work/I2BC/fadwa.elkhaddar/BIM/ORFMINE/ORFmine/orfmine/orfribo/Test/DATA_PROCESSING/Mapping/Filter_Unwanted_Sequence/Index/index_bowtie2 &> /data/work/I2BC/fadwa.elkhaddar/BIM/ORFMINE/ORFmine/orfmine/orfribo/Test/SUPPLEMENTARY_DATA/Logs/Mapping/Filter_Unwanted_Sequence/Index_Filter_Unwanted_Sequence.log ;
[Thu Mar 28 23:01:30 2024]
Finished job 8.
2 of 26 steps (8%) done
Select jobs to execute...

[Thu Mar 28 23:01:30 2024]
rule select_read_lengths:
    output: /data/work/I2BC/fadwa.elkhaddar/BIM/ORFMINE/ORFmine/orfmine/orfribo/Test/DATA_PROCESSING/Selected_length/SRR1562875/Selected_length.txt
    jobid: 1
    reason: Missing output files: /data/work/I2BC/fadwa.elkhaddar/BIM/ORFMINE/ORFmine/orfmine/orfribo/Test/DATA_PROCESSING/Selected_length/SRR1562875/Selected_length.txt
    wildcards: sample=SRR1562875
    threads: 8
    resources: tmpdir=/var/tmp/pbs.954493.pbsserver


                if [ -n "" ]; then
                    selected_length --dir /data/work/I2BC/fadwa.elkhaddar/BIM/ORFMINE/ORFmine/orfmine/orfribo/Test/DATA_PROCESSING/Bam2Reads_Exome/SRR1562875 --mean --threshold  --output /data/work/I2BC/fadwa.elkhaddar/BIM/ORFMINE/ORFmine/orfmine/orfribo/Test/DATA_PROCESSING/Selected_length/SRR1562875/Selected_length.txt
                fi

                if [ -n "42.30" ]; then
                    selected_length --dir /data/work/I2BC/fadwa.elkhaddar/BIM/ORFMINE/ORFmine/orfmine/orfribo/Test/DATA_PROCESSING/Bam2Reads_Exome/SRR1562875  --median --threshold 42.30 --output /data/work/I2BC/fadwa.elkhaddar/BIM/ORFMINE/ORFmine/orfmine/orfribo/Test/DATA_PROCESSING/Selected_length/SRR1562875/Selected_length.txt
                fi

                if [ -n "42.30" ] && [ -n "" ]; then
                    selected_length --dir /data/work/I2BC/fadwa.elkhaddar/BIM/ORFMINE/ORFmine/orfmine/orfribo/Test/DATA_PROCESSING/Bam2Reads_Exome/SRR1562875  --both --threshold  --output /data/work/I2BC/fadwa.elkhaddar/BIM/ORFMINE/ORFmine/orfmine/orfribo/Test/DATA_PROCESSING/Selected_length/SRR1562875/Selected_length.txt
                fi

        
Terminating processes on user request, this might take some time.
Cancelling snakemake on user request.
