Config file /data/work/I2BC/fadwa.elkhaddar/BIM/ORFMINE/ORFmine/orfmine/orfribo/config.yaml is extended by additional config specified via the command line.
Building DAG of jobs...
Using shell: /usr/bin/bash
Provided cores: 8
Rules claiming more threads will be scaled down.
Provided resources: mem_mb=2000000
Job stats:
job                           count    min threads    max threads
--------------------------  -------  -------------  -------------
Bam2Reads_Exome                  11              1              1
Mapping_Exome_STAR_Bowtie2        1              8              8
ORFstats                         11              1              1
all                               1              1              1
index_Exome_BOWTIE2               1              8              8
index_Exome_HISAT2                1              8              8
make_fastqc                       1              1              1
samtools_filter_Exome             1              8              8
samtools_index_Exome              1              1              1
total                            29              1              8

mkdir -p /data/work/I2BC/fadwa.elkhaddar/BIM/ORFMINE/ORFmine/orfmine/orfribo/Test/logs
echo 'RiboDoc version : 0.8.7' > /data/work/I2BC/fadwa.elkhaddar/BIM/ORFMINE/ORFmine/orfmine/orfribo/Test/SUPPLEMENTARY_DATA/Logs/RiboDoc_package_versions.txt
Select jobs to execute...

[Thu Mar 28 23:29:24 2024]
rule index_Exome_HISAT2:
    input: /data/work/I2BC/fadwa.elkhaddar/BIM/ORFMINE/ORFmine/orfmine/orfribo/Test/DATA_PROCESSING/Exome/Exome_elongated.nfasta
    output: /data/work/I2BC/fadwa.elkhaddar/BIM/ORFMINE/ORFmine/orfmine/orfribo/Test/DATA_PROCESSING/Mapping/Exome/Hisat2/Index/index_hisat2.1.ht2, /data/work/I2BC/fadwa.elkhaddar/BIM/ORFMINE/ORFmine/orfmine/orfribo/Test/DATA_PROCESSING/Mapping/Exome/Hisat2/Index/index_hisat2.2.ht2, /data/work/I2BC/fadwa.elkhaddar/BIM/ORFMINE/ORFmine/orfmine/orfribo/Test/DATA_PROCESSING/Mapping/Exome/Hisat2/Index/index_hisat2.3.ht2, /data/work/I2BC/fadwa.elkhaddar/BIM/ORFMINE/ORFmine/orfmine/orfribo/Test/DATA_PROCESSING/Mapping/Exome/Hisat2/Index/index_hisat2.4.ht2, /data/work/I2BC/fadwa.elkhaddar/BIM/ORFMINE/ORFmine/orfmine/orfribo/Test/DATA_PROCESSING/Mapping/Exome/Hisat2/Index/index_hisat2.5.ht2, /data/work/I2BC/fadwa.elkhaddar/BIM/ORFMINE/ORFmine/orfmine/orfribo/Test/DATA_PROCESSING/Mapping/Exome/Hisat2/Index/index_hisat2.6.ht2, /data/work/I2BC/fadwa.elkhaddar/BIM/ORFMINE/ORFmine/orfmine/orfribo/Test/DATA_PROCESSING/Mapping/Exome/Hisat2/Index/index_hisat2.7.ht2, /data/work/I2BC/fadwa.elkhaddar/BIM/ORFMINE/ORFmine/orfmine/orfribo/Test/DATA_PROCESSING/Mapping/Exome/Hisat2/Index/index_hisat2.8.ht2
    log: /data/work/I2BC/fadwa.elkhaddar/BIM/ORFMINE/ORFmine/orfmine/orfribo/Test/SUPPLEMENTARY_DATA/Logs/Mapping/Exome/Hisat2/Index/Exome_index.log
    jobid: 14
    benchmark: /data/work/I2BC/fadwa.elkhaddar/BIM/ORFMINE/ORFmine/orfmine/orfribo/Test/SUPPLEMENTARY_DATA/Benchmarks/Mapping/Exome/Hisat2/Index/Exome_index.benchmark.txt
    reason: Missing output files: /data/work/I2BC/fadwa.elkhaddar/BIM/ORFMINE/ORFmine/orfmine/orfribo/Test/DATA_PROCESSING/Mapping/Exome/Hisat2/Index/index_hisat2.3.ht2, /data/work/I2BC/fadwa.elkhaddar/BIM/ORFMINE/ORFmine/orfmine/orfribo/Test/DATA_PROCESSING/Mapping/Exome/Hisat2/Index/index_hisat2.8.ht2, /data/work/I2BC/fadwa.elkhaddar/BIM/ORFMINE/ORFmine/orfmine/orfribo/Test/DATA_PROCESSING/Mapping/Exome/Hisat2/Index/index_hisat2.4.ht2, /data/work/I2BC/fadwa.elkhaddar/BIM/ORFMINE/ORFmine/orfmine/orfribo/Test/DATA_PROCESSING/Mapping/Exome/Hisat2/Index/index_hisat2.5.ht2, /data/work/I2BC/fadwa.elkhaddar/BIM/ORFMINE/ORFmine/orfmine/orfribo/Test/DATA_PROCESSING/Mapping/Exome/Hisat2/Index/index_hisat2.1.ht2, /data/work/I2BC/fadwa.elkhaddar/BIM/ORFMINE/ORFmine/orfmine/orfribo/Test/DATA_PROCESSING/Mapping/Exome/Hisat2/Index/index_hisat2.2.ht2, /data/work/I2BC/fadwa.elkhaddar/BIM/ORFMINE/ORFmine/orfmine/orfribo/Test/DATA_PROCESSING/Mapping/Exome/Hisat2/Index/index_hisat2.6.ht2, /data/work/I2BC/fadwa.elkhaddar/BIM/ORFMINE/ORFmine/orfmine/orfribo/Test/DATA_PROCESSING/Mapping/Exome/Hisat2/Index/index_hisat2.7.ht2
    threads: 8
    resources: tmpdir=/var/tmp/pbs.954532.pbsserver

hisat2-build --threads 8 /data/work/I2BC/fadwa.elkhaddar/BIM/ORFMINE/ORFmine/orfmine/orfribo/Test/DATA_PROCESSING/Exome/Exome_elongated.nfasta /data/work/I2BC/fadwa.elkhaddar/BIM/ORFMINE/ORFmine/orfmine/orfribo/Test/DATA_PROCESSING/Mapping/Exome/Hisat2/Index/index_hisat2 &> /data/work/I2BC/fadwa.elkhaddar/BIM/ORFMINE/ORFmine/orfmine/orfribo/Test/SUPPLEMENTARY_DATA/Logs/Mapping/Exome/Hisat2/Index/Exome_index.log ;
[Thu Mar 28 23:29:44 2024]
Finished job 14.
1 of 29 steps (3%) done
Select jobs to execute...

[Thu Mar 28 23:29:44 2024]
rule index_Exome_BOWTIE2:
    input: /data/work/I2BC/fadwa.elkhaddar/BIM/ORFMINE/ORFmine/orfmine/orfribo/Test/DATA_PROCESSING/Exome/Exome_elongated.nfasta
    output: /data/work/I2BC/fadwa.elkhaddar/BIM/ORFMINE/ORFmine/orfmine/orfribo/Test/DATA_PROCESSING/Mapping/Exome/Bowtie2/Index/index_bowtie2.1.bt2, /data/work/I2BC/fadwa.elkhaddar/BIM/ORFMINE/ORFmine/orfmine/orfribo/Test/DATA_PROCESSING/Mapping/Exome/Bowtie2/Index/index_bowtie2.2.bt2, /data/work/I2BC/fadwa.elkhaddar/BIM/ORFMINE/ORFmine/orfmine/orfribo/Test/DATA_PROCESSING/Mapping/Exome/Bowtie2/Index/index_bowtie2.3.bt2, /data/work/I2BC/fadwa.elkhaddar/BIM/ORFMINE/ORFmine/orfmine/orfribo/Test/DATA_PROCESSING/Mapping/Exome/Bowtie2/Index/index_bowtie2.4.bt2, /data/work/I2BC/fadwa.elkhaddar/BIM/ORFMINE/ORFmine/orfmine/orfribo/Test/DATA_PROCESSING/Mapping/Exome/Bowtie2/Index/index_bowtie2.rev.1.bt2, /data/work/I2BC/fadwa.elkhaddar/BIM/ORFMINE/ORFmine/orfmine/orfribo/Test/DATA_PROCESSING/Mapping/Exome/Bowtie2/Index/index_bowtie2.rev.2.bt2
    log: /data/work/I2BC/fadwa.elkhaddar/BIM/ORFMINE/ORFmine/orfmine/orfribo/Test/SUPPLEMENTARY_DATA/Logs/Mapping/Exome/Bowtie2/Index/Exome_index.log
    jobid: 15
    benchmark: /data/work/I2BC/fadwa.elkhaddar/BIM/ORFMINE/ORFmine/orfmine/orfribo/Test/SUPPLEMENTARY_DATA/Benchmarks/Mapping/Exome/Bowtie2/Index/Exome_index.benchmark.txt
    reason: Missing output files: /data/work/I2BC/fadwa.elkhaddar/BIM/ORFMINE/ORFmine/orfmine/orfribo/Test/DATA_PROCESSING/Mapping/Exome/Bowtie2/Index/index_bowtie2.3.bt2, /data/work/I2BC/fadwa.elkhaddar/BIM/ORFMINE/ORFmine/orfmine/orfribo/Test/DATA_PROCESSING/Mapping/Exome/Bowtie2/Index/index_bowtie2.2.bt2, /data/work/I2BC/fadwa.elkhaddar/BIM/ORFMINE/ORFmine/orfmine/orfribo/Test/DATA_PROCESSING/Mapping/Exome/Bowtie2/Index/index_bowtie2.1.bt2, /data/work/I2BC/fadwa.elkhaddar/BIM/ORFMINE/ORFmine/orfmine/orfribo/Test/DATA_PROCESSING/Mapping/Exome/Bowtie2/Index/index_bowtie2.rev.2.bt2, /data/work/I2BC/fadwa.elkhaddar/BIM/ORFMINE/ORFmine/orfmine/orfribo/Test/DATA_PROCESSING/Mapping/Exome/Bowtie2/Index/index_bowtie2.4.bt2, /data/work/I2BC/fadwa.elkhaddar/BIM/ORFMINE/ORFmine/orfmine/orfribo/Test/DATA_PROCESSING/Mapping/Exome/Bowtie2/Index/index_bowtie2.rev.1.bt2
    threads: 8
    resources: tmpdir=/var/tmp/pbs.954532.pbsserver

bowtie2-build --threads 8 /data/work/I2BC/fadwa.elkhaddar/BIM/ORFMINE/ORFmine/orfmine/orfribo/Test/DATA_PROCESSING/Exome/Exome_elongated.nfasta /data/work/I2BC/fadwa.elkhaddar/BIM/ORFMINE/ORFmine/orfmine/orfribo/Test/DATA_PROCESSING/Mapping/Exome/Bowtie2/Index/index_bowtie2 &> /data/work/I2BC/fadwa.elkhaddar/BIM/ORFMINE/ORFmine/orfmine/orfribo/Test/SUPPLEMENTARY_DATA/Logs/Mapping/Exome/Bowtie2/Index/Exome_index.log ;
[Thu Mar 28 23:29:57 2024]
Finished job 15.
2 of 29 steps (7%) done
Select jobs to execute...

[Thu Mar 28 23:29:57 2024]
rule Mapping_Exome_STAR_Bowtie2:
    input: /data/work/I2BC/fadwa.elkhaddar/BIM/ORFMINE/ORFmine/orfmine/orfribo/Test/DATA_PROCESSING/Mapping/Filter_Unwanted_Sequence/Results/SRR1562875/SRR1562875_Unmapped.fastq.gz, /data/work/I2BC/fadwa.elkhaddar/BIM/ORFMINE/ORFmine/orfmine/orfribo/Test/DATA_PROCESSING/Mapping/Exome/Hisat2/Index/index_hisat2.1.ht2, /data/work/I2BC/fadwa.elkhaddar/BIM/ORFMINE/ORFmine/orfmine/orfribo/Test/DATA_PROCESSING/Mapping/Exome/Hisat2/Index/index_hisat2.2.ht2, /data/work/I2BC/fadwa.elkhaddar/BIM/ORFMINE/ORFmine/orfmine/orfribo/Test/DATA_PROCESSING/Mapping/Exome/Hisat2/Index/index_hisat2.3.ht2, /data/work/I2BC/fadwa.elkhaddar/BIM/ORFMINE/ORFmine/orfmine/orfribo/Test/DATA_PROCESSING/Mapping/Exome/Hisat2/Index/index_hisat2.4.ht2, /data/work/I2BC/fadwa.elkhaddar/BIM/ORFMINE/ORFmine/orfmine/orfribo/Test/DATA_PROCESSING/Mapping/Exome/Hisat2/Index/index_hisat2.5.ht2, /data/work/I2BC/fadwa.elkhaddar/BIM/ORFMINE/ORFmine/orfmine/orfribo/Test/DATA_PROCESSING/Mapping/Exome/Hisat2/Index/index_hisat2.6.ht2, /data/work/I2BC/fadwa.elkhaddar/BIM/ORFMINE/ORFmine/orfmine/orfribo/Test/DATA_PROCESSING/Mapping/Exome/Hisat2/Index/index_hisat2.7.ht2, /data/work/I2BC/fadwa.elkhaddar/BIM/ORFMINE/ORFmine/orfmine/orfribo/Test/DATA_PROCESSING/Mapping/Exome/Hisat2/Index/index_hisat2.8.ht2, /data/work/I2BC/fadwa.elkhaddar/BIM/ORFMINE/ORFmine/orfmine/orfribo/Test/DATA_PROCESSING/Mapping/Exome/Bowtie2/Index/index_bowtie2.1.bt2, /data/work/I2BC/fadwa.elkhaddar/BIM/ORFMINE/ORFmine/orfmine/orfribo/Test/DATA_PROCESSING/Mapping/Exome/Bowtie2/Index/index_bowtie2.2.bt2, /data/work/I2BC/fadwa.elkhaddar/BIM/ORFMINE/ORFmine/orfmine/orfribo/Test/DATA_PROCESSING/Mapping/Exome/Bowtie2/Index/index_bowtie2.3.bt2, /data/work/I2BC/fadwa.elkhaddar/BIM/ORFMINE/ORFmine/orfmine/orfribo/Test/DATA_PROCESSING/Mapping/Exome/Bowtie2/Index/index_bowtie2.4.bt2, /data/work/I2BC/fadwa.elkhaddar/BIM/ORFMINE/ORFmine/orfmine/orfribo/Test/DATA_PROCESSING/Mapping/Exome/Bowtie2/Index/index_bowtie2.rev.1.bt2, /data/work/I2BC/fadwa.elkhaddar/BIM/ORFMINE/ORFmine/orfmine/orfribo/Test/DATA_PROCESSING/Mapping/Exome/Bowtie2/Index/index_bowtie2.rev.2.bt2
    output: /data/work/I2BC/fadwa.elkhaddar/BIM/ORFMINE/ORFmine/orfmine/orfribo/Test/DATA_PROCESSING/Mapping/Exome/Hisat2/Results/SRR1562875/SRR1562875.sam, /data/work/I2BC/fadwa.elkhaddar/BIM/ORFMINE/ORFmine/orfmine/orfribo/Test/DATA_PROCESSING/Mapping/Exome/Bowtie2/Results/SRR1562875/SRR1562875.sam, /data/work/I2BC/fadwa.elkhaddar/BIM/ORFMINE/ORFmine/orfmine/orfribo/Test/DATA_PROCESSING/Exome_Fastq/SRR1562875/SRR1562875_Unmapped.fastq.gz
    log: /data/work/I2BC/fadwa.elkhaddar/BIM/ORFMINE/ORFmine/orfmine/orfribo/Test/SUPPLEMENTARY_DATA/Logs/Mapping/Exome/Hisat2/SRR1562875_hisat2_mapping.log, /data/work/I2BC/fadwa.elkhaddar/BIM/ORFMINE/ORFmine/orfmine/orfribo/Test/SUPPLEMENTARY_DATA/Logs/Mapping/Exome/Bowtie2/SRR1562875_bowie2_mapping.log
    jobid: 13
    benchmark: /data/work/I2BC/fadwa.elkhaddar/BIM/ORFMINE/ORFmine/orfmine/orfribo/Test/SUPPLEMENTARY_DATA/Benchmarks/Mapping/Exome/Hisat2/SRR1562875_HISAT_Bowtie2_Mapping_Orfeum.benchmark.txt
    reason: Missing output files: /data/work/I2BC/fadwa.elkhaddar/BIM/ORFMINE/ORFmine/orfmine/orfribo/Test/DATA_PROCESSING/Mapping/Exome/Hisat2/Results/SRR1562875/SRR1562875.sam, /data/work/I2BC/fadwa.elkhaddar/BIM/ORFMINE/ORFmine/orfmine/orfribo/Test/DATA_PROCESSING/Exome_Fastq/SRR1562875/SRR1562875_Unmapped.fastq.gz, /data/work/I2BC/fadwa.elkhaddar/BIM/ORFMINE/ORFmine/orfmine/orfribo/Test/DATA_PROCESSING/Mapping/Exome/Bowtie2/Results/SRR1562875/SRR1562875.sam; Input files updated by another job: /data/work/I2BC/fadwa.elkhaddar/BIM/ORFMINE/ORFmine/orfmine/orfribo/Test/DATA_PROCESSING/Mapping/Exome/Bowtie2/Index/index_bowtie2.3.bt2, /data/work/I2BC/fadwa.elkhaddar/BIM/ORFMINE/ORFmine/orfmine/orfribo/Test/DATA_PROCESSING/Mapping/Exome/Bowtie2/Index/index_bowtie2.2.bt2, /data/work/I2BC/fadwa.elkhaddar/BIM/ORFMINE/ORFmine/orfmine/orfribo/Test/DATA_PROCESSING/Mapping/Exome/Bowtie2/Index/index_bowtie2.1.bt2, /data/work/I2BC/fadwa.elkhaddar/BIM/ORFMINE/ORFmine/orfmine/orfribo/Test/DATA_PROCESSING/Mapping/Exome/Bowtie2/Index/index_bowtie2.rev.2.bt2, /data/work/I2BC/fadwa.elkhaddar/BIM/ORFMINE/ORFmine/orfmine/orfribo/Test/DATA_PROCESSING/Mapping/Exome/Hisat2/Index/index_hisat2.3.ht2, /data/work/I2BC/fadwa.elkhaddar/BIM/ORFMINE/ORFmine/orfmine/orfribo/Test/DATA_PROCESSING/Mapping/Exome/Bowtie2/Index/index_bowtie2.4.bt2, /data/work/I2BC/fadwa.elkhaddar/BIM/ORFMINE/ORFmine/orfmine/orfribo/Test/DATA_PROCESSING/Mapping/Exome/Hisat2/Index/index_hisat2.8.ht2, /data/work/I2BC/fadwa.elkhaddar/BIM/ORFMINE/ORFmine/orfmine/orfribo/Test/DATA_PROCESSING/Mapping/Exome/Hisat2/Index/index_hisat2.5.ht2, /data/work/I2BC/fadwa.elkhaddar/BIM/ORFMINE/ORFmine/orfmine/orfribo/Test/DATA_PROCESSING/Mapping/Exome/Hisat2/Index/index_hisat2.4.ht2, /data/work/I2BC/fadwa.elkhaddar/BIM/ORFMINE/ORFmine/orfmine/orfribo/Test/DATA_PROCESSING/Mapping/Exome/Hisat2/Index/index_hisat2.1.ht2, /data/work/I2BC/fadwa.elkhaddar/BIM/ORFMINE/ORFmine/orfmine/orfribo/Test/DATA_PROCESSING/Mapping/Exome/Bowtie2/Index/index_bowtie2.rev.1.bt2, /data/work/I2BC/fadwa.elkhaddar/BIM/ORFMINE/ORFmine/orfmine/orfribo/Test/DATA_PROCESSING/Mapping/Exome/Hisat2/Index/index_hisat2.2.ht2, /data/work/I2BC/fadwa.elkhaddar/BIM/ORFMINE/ORFmine/orfmine/orfribo/Test/DATA_PROCESSING/Mapping/Exome/Hisat2/Index/index_hisat2.6.ht2, /data/work/I2BC/fadwa.elkhaddar/BIM/ORFMINE/ORFmine/orfmine/orfribo/Test/DATA_PROCESSING/Mapping/Exome/Hisat2/Index/index_hisat2.7.ht2; Code has changed since last execution; Params have changed since last execution
    wildcards: sample=SRR1562875
    threads: 8
    resources: tmpdir=/var/tmp/pbs.954532.pbsserver

RuleException in rule Mapping_Exome_STAR_Bowtie2 in line 37 of /data/work/I2BC/fadwa.elkhaddar/BIM/ORFMINE/ORFmine/orfmine/orfribo/rules/09_mapping_exome.smk:
AttributeError: 'Params' object has no attribute 'multi_mapp', when formatting the following:
hisat2 -x {params.index_names_hisat2} --threads {threads} -k {params.multi_mapp}  -U {input.fastq} --un-gz {output.fastq_hisat2} -S {output.sam_hisat2} 2>> {log.hisat2_out};bowtie2 -x {params.index_names_bowtie2} --threads {threads} -k {params.multi_mapp} -U {output.fastq_hisat2} -S {output.sam_bowtie2} 2>> {log.bowtie2_out};
